
[1m[46m RUN [49m[22m [36mv3.2.7 [39m[90mE:/Projects/NewProjetcs/Hackthon[39m

 [32mÔ£ô[39m tests/unit/temporal-analysis-window.test.ts[2m > [22mtemporal analysis window (explicit WHEN model)[2m > [22mexposes ONLY the two verified evaluation-window modes ÔÇö Single Day is removed[32m 2[2mms[22m[39m
 [32mÔ£ô[39m tests/unit/temporal-analysis-window.test.ts[2m > [22mtemporal analysis window (explicit WHEN model)[2m > [22mnever claims a provider filter_type mapping for evaluation-window modes[32m 0[2mms[22m[39m
 [32mÔ£ô[39m tests/unit/temporal-analysis-window.test.ts[2m > [22mtemporal analysis window (explicit WHEN model)[2m > [22mderives duration from start/end for range of hours[32m 0[2mms[22m[39m
 [32mÔ£ô[39m tests/unit/temporal-analysis-window.test.ts[2m > [22mtemporal analysis window (explicit WHEN model)[2m > [22mderives duration for single-hour mode (always 1h)[32m 0[2mms[22m[39m
 [32mÔ£ô[39m tests/unit/temporal-analysis-window.test.ts[2m > [22mtemporal analysis window (explicit WHEN model)[2m > [22mresolves effective bounds per mode[32m 0[2mms[22m[39m
 [32mÔ£ô[39m tests/unit/temporal-analysis-window.test.ts[2m > [22mtemporal analysis window (explicit WHEN model)[2m > [22mvalidates date/time strings before any provider call[32m 0[2mms[22m[39m
 [32mÔ£ô[39m tests/unit/temporal-analysis-window.test.ts[2m > [22mtemporal analysis window (explicit WHEN model)[2m > [22mformats the WHEN line with location timezone abbreviation (PDT)[32m 16[2mms[22m[39m
 [32mÔ£ô[39m tests/unit/temporal-analysis-window.test.ts[2m > [22mtemporal analysis window (explicit WHEN model)[2m > [22mformats long date without shifting the calendar day[32m 0[2mms[22m[39m
 [32mÔ£ô[39m tests/unit/temporal-analysis-window.test.ts[2m > [22mtemporal analysis window (explicit WHEN model)[2m > [22manchors DEMO to the REAL one-hour capture ÔÇö never "Today", never a fabricated series[32m 0[2mms[22m[39m
 [32mÔ£ô[39m tests/provider_health.test.ts[2m > [22mFortyGuard Provider Health & Connection Testing[2m > [22m1. FIXTURE mode returns connected without requiring an API key[32m 3[2mms[22m[39m
 [32mÔ£ô[39m tests/provider_health.test.ts[2m > [22mFortyGuard Provider Health & Connection Testing[2m > [22m2. LIVE mode without API key returns NOT_CONFIGURED[32m 1[2mms[22m[39m
 [32mÔ£ô[39m tests/provider_health.test.ts[2m > [22mFortyGuard Provider Health & Connection Testing[2m > [22m3. LIVE mode with valid API key returns CONNECTED on HTTP 200[32m 4[2mms[22m[39m
 [32mÔ£ô[39m tests/provider_health.test.ts[2m > [22mFortyGuard Provider Health & Connection Testing[2m > [22m4. LIVE mode with invalid API key (HTTP 401) returns AUTH_ERROR[32m 1[2mms[22m[39m
 [32mÔ£ô[39m tests/provider_health.test.ts[2m > [22mFortyGuard Provider Health & Connection Testing[2m > [22m5. LIVE mode network/timeout failure returns TIMEOUT or PROVIDER_ERROR[32m 1[2mms[22m[39m
 [32mÔ£ô[39m tests/provider_health.test.ts[2m > [22mFortyGuard Provider Health & Connection Testing[2m > [22m6. Health response NEVER exposes the raw API key[32m 1[2mms[22m[39m
 [32mÔ£ô[39m tests/location_search.test.ts[2m > [22mLocation Search & Coordinate Resolution[2m > [22m1. Returns preset locations for FIXTURE mode (Manhattan only)[32m 2[2mms[22m[39m
 [32mÔ£ô[39m tests/location_search.test.ts[2m > [22mLocation Search & Coordinate Resolution[2m > [22m2. Returns non-demo metropolitan hubs for LIVE mode[32m 1[2mms[22m[39m
 [32mÔ£ô[39m tests/location_search.test.ts[2m > [22mLocation Search & Coordinate Resolution[2m > [22m3. Searches locations by city name (e.g. "Los Angeles")[32m 1[2mms[22m[39m
 [32mÔ£ô[39m tests/location_search.test.ts[2m > [22mLocation Search & Coordinate Resolution[2m > [22m4. Searches locations by ZIP code (e.g. "90012", "10007")[32m 0[2mms[22m[39m
 [32mÔ£ô[39m tests/location_search.test.ts[2m > [22mLocation Search & Coordinate Resolution[2m > [22m5. Searches locations case-insensitively with partial strings (e.g. "austin", "phx", "phoenix")[32m 0[2mms[22m[39m
 [32mÔ£ô[39m tests/location_search.test.ts[2m > [22mLocation Search & Coordinate Resolution[2m > [22m6. Resolves custom point to deterministic NamedLocation[32m 0[2mms[22m[39m
 [32mÔ£ô[39m tests/location_search.test.ts[2m > [22mLocation Search & Coordinate Resolution[2m > [22m7. Coordinates are deterministic numbers, never NaN or strings[32m 3[2mms[22m[39m
 [32mÔ£ô[39m tests/location_search.test.ts[2m > [22mLocation Search & Coordinate Resolution[2m > [22m8. Searching an unlisted/unsupported town returns empty array (triggers empty-state UX)[32m 1[2mms[22m[39m
 [32mÔ£ô[39m tests/location_search.test.ts[2m > [22mLocation Search & Coordinate Resolution[2m > [22m9. GPS coordinate fallback resolves arbitrary coordinates into a valid NamedLocation[32m 0[2mms[22m[39m
 [32mÔ£ô[39m tests/location_search.test.ts[2m > [22mLocation Search & Coordinate Resolution[2m > [22m10. Searches locations by full state name (e.g. "California", "Texas")[32m 0[2mms[22m[39m
 [32mÔ£ô[39m tests/geographic_candidates.test.ts[2m > [22mGeographic Candidate Resolution (genuine sites only)[2m > [22mFIXTURE mode ÔÇö captured Manhattan sites[2m > [22mreturns the three ACTUAL captured sites for in-bounds requests[32m 3[2mms[22m[39m
 [32mÔ£ô[39m tests/geographic_candidates.test.ts[2m > [22mGeographic Candidate Resolution (genuine sites only)[2m > [22mFIXTURE mode ÔÇö captured Manhattan sites[2m > [22mcaptured sites all lie inside the CAPTURED fixture extent[32m 0[2mms[22m[39m
 [32mÔ£ô[39m tests/geographic_candidates.test.ts[2m > [22mGeographic Candidate Resolution (genuine sites only)[2m > [22mFIXTURE mode ÔÇö captured Manhattan sites[2m > [22mreturns NO Manhattan sites for out-of-bounds FIXTURE requests (LA/SF/SD rejected upstream)[32m 0[2mms[22m[39m
 [32mÔ£ô[39m tests/geographic_candidates.test.ts[2m > [22mGeographic Candidate Resolution (genuine sites only)[2m > [22mFIXTURE mode ÔÇö captured Manhattan sites[2m > [22mcaptured sites are NOT repositioned around arbitrary selections[32m 0[2mms[22m[39m
 [32mÔ£ô[39m tests/geographic_candidates.test.ts[2m > [22mGeographic Candidate Resolution (genuine sites only)[2m > [22mLIVE mode ÔÇö user-supplied sites only[2m > [22mgenerates NOTHING when the user has not supplied candidates[32m 0[2mms[22m[39m
 [32mÔ£ô[39m tests/geographic_candidates.test.ts[2m > [22mGeographic Candidate Resolution (genuine sites only)[2m > [22mLIVE mode ÔÇö user-supplied sites only[2m > [22mno synthetic locationIds can appear (SITE-W/SITE-CENTER/SITE-N removed)[32m 1[2mms[22m[39m
 [32mÔ£ô[39m tests/geographic_candidates.test.ts[2m > [22mGeographic Candidate Resolution (genuine sites only)[2m > [22mLIVE mode ÔÇö user-supplied sites only[2m > [22mexplicit LIVE candidates are used verbatim (never moved/clamped)[32m 0[2mms[22m[39m
 [32mÔ£ô[39m tests/temperature.test.ts[2m > [22mTemperature Unit Conversion & Formatting Utility[2m > [22mcelsiusToFahrenheit (Absolute Temperatures)[2m > [22mconverts freezing point 0┬░C -> 32┬░F[32m 1[2mms[22m[39m
 [32mÔ£ô[39m tests/temperature.test.ts[2m > [22mTemperature Unit Conversion & Formatting Utility[2m > [22mcelsiusToFahrenheit (Absolute Temperatures)[2m > [22mconverts boiling point 100┬░C -> 212┬░F[32m 0[2mms[22m[39m
 [32mÔ£ô[39m tests/temperature.test.ts[2m > [22mTemperature Unit Conversion & Formatting Utility[2m > [22mcelsiusToFahrenheit (Absolute Temperatures)[2m > [22mconverts cross-over point -40┬░C -> -40┬░F[32m 0[2mms[22m[39m
 [32mÔ£ô[39m tests/temperature.test.ts[2m > [22mTemperature Unit Conversion & Formatting Utility[2m > [22mcelsiusToFahrenheit (Absolute Temperatures)[2m > [22mconverts negative temperatures correctly[32m 0[2mms[22m[39m
 [32mÔ£ô[39m tests/temperature.test.ts[2m > [22mTemperature Unit Conversion & Formatting Utility[2m > [22mcelsiusToFahrenheit (Absolute Temperatures)[2m > [22mconverts typical ambient/thermal values with precision[32m 0[2mms[22m[39m
 [32mÔ£ô[39m tests/temperature.test.ts[2m > [22mTemperature Unit Conversion & Formatting Utility[2m > [22mcelsiusDeltaToFahrenheitDelta (Temperature Deltas)[2m > [22mconverts zero delta without adding 32 offset[32m 0[2mms[22m[39m
 [32mÔ£ô[39m tests/temperature.test.ts[2m > [22mTemperature Unit Conversion & Formatting Utility[2m > [22mcelsiusDeltaToFahrenheitDelta (Temperature Deltas)[2m > [22mscales delta by 9/5 without adding 32 (╬öF = ╬öC * 1.8)[32m 0[2mms[22m[39m
 [32mÔ£ô[39m tests/temperature.test.ts[2m > [22mTemperature Unit Conversion & Formatting Utility[2m > [22mcelsiusDeltaToFahrenheitDelta (Temperature Deltas)[2m > [22mconverts negative deltas correctly without 32 offset[32m 0[2mms[22m[39m
 [32mÔ£ô[39m tests/temperature.test.ts[2m > [22mTemperature Unit Conversion & Formatting Utility[2m > [22mfmtTemp (Formatted Absolute Temperatures)[2m > [22mformats Celsius temperatures with unit suffix and 2 decimal places by default[32m 0[2mms[22m[39m
 [32mÔ£ô[39m tests/temperature.test.ts[2m > [22mTemperature Unit Conversion & Formatting Utility[2m > [22mfmtTemp (Formatted Absolute Temperatures)[2m > [22mformats Fahrenheit temperatures with unit suffix and 2 decimal places by default[32m 0[2mms[22m[39m
 [32mÔ£ô[39m tests/temperature.test.ts[2m > [22mTemperature Unit Conversion & Formatting Utility[2m > [22mfmtTemp (Formatted Absolute Temperatures)[2m > [22msupports custom decimal precision[32m 0[2mms[22m[39m
 [32mÔ£ô[39m tests/temperature.test.ts[2m > [22mTemperature Unit Conversion & Formatting Utility[2m > [22mfmtTempDelta (Formatted Temperature Deltas)[2m > [22mformats positive deltas with leading + sign in Celsius[32m 0[2mms[22m[39m
 [32mÔ£ô[39m tests/temperature.test.ts[2m > [22mTemperature Unit Conversion & Formatting Utility[2m > [22mfmtTempDelta (Formatted Temperature Deltas)[2m > [22mformats positive deltas with leading + sign in Fahrenheit (scaled, no +32)[32m 0[2mms[22m[39m
 [32mÔ£ô[39m tests/temperature.test.ts[2m > [22mTemperature Unit Conversion & Formatting Utility[2m > [22mfmtTempDelta (Formatted Temperature Deltas)[2m > [22mformats zero delta without + sign[32m 0[2mms[22m[39m
 [32mÔ£ô[39m tests/temperature.test.ts[2m > [22mTemperature Unit Conversion & Formatting Utility[2m > [22mfmtTempDelta (Formatted Temperature Deltas)[2m > [22mformats negative deltas with minus sign in both units[32m 0[2mms[22m[39m
 [32mÔ£ô[39m tests/temperature.test.ts[2m > [22mTemperature Unit Conversion & Formatting Utility[2m > [22mfmtTempValue & tempUnitSuffix[2m > [22mreturns raw numeric string value without suffix[32m 0[2mms[22m[39m
 [32mÔ£ô[39m tests/temperature.test.ts[2m > [22mTemperature Unit Conversion & Formatting Utility[2m > [22mfmtTempValue & tempUnitSuffix[2m > [22mreturns unit suffix strings[32m 0[2mms[22m[39m
 [32mÔ£ô[39m tests/temperature.test.ts[2m > [22mTemperature Unit Conversion & Formatting Utility[2m > [22mgetThermalLegendTicks[2m > [22mreturns Celsius ticks matching expected domain breakpoints[32m 1[2mms[22m[39m
 [32mÔ£ô[39m tests/temperature.test.ts[2m > [22mTemperature Unit Conversion & Formatting Utility[2m > [22mgetThermalLegendTicks[2m > [22mreturns Fahrenheit ticks with converted integer approximations[32m 0[2mms[22m[39m
 [32mÔ£ô[39m tests/temperature.test.ts[2m > [22mTemperature Unit Conversion & Formatting Utility[2m > [22mloadTempUnit & saveTempUnit (Persistence)[2m > [22mdefaults to DEFAULT_TEMP_UNIT (F) when storage is empty[32m 1[2mms[22m[39m
 [32mÔ£ô[39m tests/temperature.test.ts[2m > [22mTemperature Unit Conversion & Formatting Utility[2m > [22mloadTempUnit & saveTempUnit (Persistence)[2m > [22mpersists and retrieves C preference[32m 0[2mms[22m[39m
 [32mÔ£ô[39m tests/temperature.test.ts[2m > [22mTemperature Unit Conversion & Formatting Utility[2m > [22mloadTempUnit & saveTempUnit (Persistence)[2m > [22mpersists and retrieves F preference[32m 0[2mms[22m[39m
 [32mÔ£ô[39m tests/temperature.test.ts[2m > [22mTemperature Unit Conversion & Formatting Utility[2m > [22mloadTempUnit & saveTempUnit (Persistence)[2m > [22mfalls back to default F when storage contains invalid data[32m 0[2mms[22m[39m
 [32mÔ£ô[39m tests/temperature.test.ts[2m > [22mTemperature Unit Conversion & Formatting Utility[2m > [22mtranslateExplanationToUnit[2m > [22mreturns the same object if unit is C[32m 1[2mms[22m[39m
 [32mÔ£ô[39m tests/temperature.test.ts[2m > [22mTemperature Unit Conversion & Formatting Utility[2m > [22mtranslateExplanationToUnit[2m > [22mtranslates absolute temperatures and deltas to F correctly[32m 0[2mms[22m[39m
 [32mÔ£ô[39m tests/temperature.test.ts[2m > [22mTemperature Unit Conversion & Formatting Utility[2m > [22mtranslateExplanationToUnit[2m > [22mhandles negative deltas correctly[32m 0[2mms[22m[39m
 [32mÔ£ô[39m tests/unit/spatial-aoi.test.ts[2m > [22mcanonical analysis AOI[2m > [22muses the documented FortyGuard AOI limit constant[32m 1[2mms[22m[39m
 [32mÔ£ô[39m tests/unit/spatial-aoi.test.ts[2m > [22mcanonical analysis AOI[2m > [22mbuilds a closed square polygon for polygon shape[32m 2[2mms[22m[39m
 [32mÔ£ô[39m tests/unit/spatial-aoi.test.ts[2m > [22mcanonical analysis AOI[2m > [22mbuilds a closed 32-gon for circle shape ÔÇö the SAME geometry is sent to the API and rendered[32m 1[2mms[22m[39m
 [32mÔ£ô[39m tests/unit/spatial-aoi.test.ts[2m > [22mcanonical analysis AOI[2m > [22mkeeps every preset AOI far below the documented limit (never silently shrunk)[32m 1[2mms[22m[39m
 [32mÔ£ô[39m tests/unit/spatial-aoi.test.ts[2m > [22mDEMO fixture containment (REAL captured provider response)[2m > [22mmaps the DEMO candidates into REAL captured thermal cells[32m 1[2mms[22m[39m
 [32mÔ£ô[39m tests/unit/spatial-aoi.test.ts[2m > [22mDEMO fixture containment (REAL captured provider response)[2m > [22mhas finite temperatures on every captured cell of every snapshot[32m 7[2mms[22m[39m
 [32mÔ£ô[39m tests/unit/spatial-aoi.test.ts[2m > [22mDEMO fixture containment (REAL captured provider response)[2m > [22mcontains exactly the 425 provider cells of the real capture ÔÇö one hour only[32m 0[2mms[22m[39m
 [32mÔ£ô[39m tests/spatial_decision.test.ts[2m > [22mMilestone 5 ÔÇö Spatial Multi-Location Decision Engine Suite[2m > [22m1. Evaluates 3 candidate locations, produces deterministic ranking, and identifies winning location[32m 2[2mms[22m[39m
 [32mÔ£ô[39m tests/spatial_decision.test.ts[2m > [22mMilestone 5 ÔÇö Spatial Multi-Location Decision Engine Suite[2m > [22m2. Preserves DERIVED provenance on thermalValues in RankedLocationResult[32m 1[2mms[22m[39m
 [32mÔ£ô[39m tests/spatial_decision.test.ts[2m > [22mMilestone 5 ÔÇö Spatial Multi-Location Decision Engine Suite[2m > [22m3. Deterministic tie-breaking on identical exposure scores uses stable locationId ordering[32m 9[2mms[22m[39m
 [32mÔ£ô[39m tests/spatial_decision.test.ts[2m > [22mMilestone 5 ÔÇö Spatial Multi-Location Decision Engine Suite[2m > [22m4. Rejects duplicate candidate location IDs with ValidationError[32m 0[2mms[22m[39m
 [32mÔ£ô[39m tests/spatial_decision.test.ts[2m > [22mMilestone 5 ÔÇö Spatial Multi-Location Decision Engine Suite[2m > [22m5. Rejects empty candidate list with ValidationError[32m 0[2mms[22m[39m
 [32mÔ£ô[39m tests/spatial_decision.test.ts[2m > [22mMilestone 5 ÔÇö Spatial Multi-Location Decision Engine Suite[2m > [22m6. Throws IncompleteTemporalCoverageError if candidate observations are missing[32m 0[2mms[22m[39m
 [32mÔ£ô[39m tests/spatial_decision.test.ts[2m > [22mMilestone 5 ÔÇö Spatial Multi-Location Decision Engine Suite[2m > [22m7. LIVE / FIXTURE Parity ÔÇö Equivalent observation inputs yield 100% identical rankings and scores[32m 0[2mms[22m[39m
 [32mÔ£ô[39m tests/spatial_decision.test.ts[2m > [22mMilestone 5 ÔÇö Spatial Multi-Location Decision Engine Suite[2m > [22m8. Changing duration recalculates scores deterministically across 4-hour operation[32m 0[2mms[22m[39m
 [32mÔ£ô[39m tests/scenario_analysis.test.ts[2m > [22mMilestone 7 ÔÇö What-If Constraint Sensitivity Analysis Suite[2m > [22m1. Evaluates baseline plan P0 matching the global unconstrained optimum (LOC-A @ 08:00ÔÇô10:00 UTC = 29.15┬░C)[32m 4[2mms[22m[39m
 [32mÔ£ô[39m tests/scenario_analysis.test.ts[2m > [22mMilestone 7 ÔÇö What-If Constraint Sensitivity Analysis Suite[2m > [22m2. Scenario 1 (TEMPORAL_SHIFT): Imposing 10:00 UTC start shifts window and computes exact +2.95┬░C constraint cost[32m 1[2mms[22m[39m
 [32mÔ£ô[39m tests/scenario_analysis.test.ts[2m > [22mMilestone 7 ÔÇö What-If Constraint Sensitivity Analysis Suite[2m > [22m3. Scenario 2 (LOCATION_LOCK): Locking to Chinatown (LOC-C) shifts location and computes exact +2.20┬░C constraint cost[32m 1[2mms[22m[39m
 [32mÔ£ô[39m tests/scenario_analysis.test.ts[2m > [22mMilestone 7 ÔÇö What-If Constraint Sensitivity Analysis Suite[2m > [22m4. Scenario 3 (DURATION_EXPANSION): Expanding to 4 Hours alters duration and computes exact +1.48┬░C constraint cost[32m 1[2mms[22m[39m
 [32mÔ£ô[39m tests/scenario_analysis.test.ts[2m > [22mMilestone 7 ÔÇö What-If Constraint Sensitivity Analysis Suite[2m > [22m5. Infeasible constraint handling produces status INFEASIBLE with explanation and null cost[32m 1[2mms[22m[39m
 [32mÔ£ô[39m tests/scenario_analysis.test.ts[2m > [22mMilestone 7 ÔÇö What-If Constraint Sensitivity Analysis Suite[2m > [22m6. LIVE / FIXTURE Parity ÔÇö Scenario results and constraint costs are 100% identical regardless of data source mode[32m 10[2mms[22m[39m
 [32mÔ£ô[39m tests/joint_decision.test.ts[2m > [22mMilestone 6 ÔÇö Joint Spatial-Temporal Decision Model Suite[2m > [22m1. Exhaustively evaluates Cartesian product (3 locations ├ù 5 windows = 15 candidate plans)[32m 4[2mms[22m[39m
 [32mÔ£ô[39m tests/joint_decision.test.ts[2m > [22mMilestone 6 ÔÇö Joint Spatial-Temporal Decision Model Suite[2m > [22m2. Identifies correct Global Optimum (LOC-A @ 08:00ÔÇô10:00 UTC = 29.15┬░C)[32m 1[2mms[22m[39m
 [32mÔ£ô[39m tests/joint_decision.test.ts[2m > [22mMilestone 6 ÔÇö Joint Spatial-Temporal Decision Model Suite[2m > [22m3. Computes exact scores and deltas across all 15 plans and identifies worst feasible plan[32m 1[2mms[22m[39m
 [32mÔ£ô[39m tests/joint_decision.test.ts[2m > [22mMilestone 6 ÔÇö Joint Spatial-Temporal Decision Model Suite[2m > [22m4. Preserves DERIVED provenance for all thermalValues across all candidate plans[32m 2[2mms[22m[39m
 [32mÔ£ô[39m tests/joint_decision.test.ts[2m > [22mMilestone 6 ÔÇö Joint Spatial-Temporal Decision Model Suite[2m > [22m5. Deterministic tie-breaking: lower score -> earlier start -> stable locationId[32m 9[2mms[22m[39m
 [32mÔ£ô[39m tests/joint_decision.test.ts[2m > [22mMilestone 6 ÔÇö Joint Spatial-Temporal Decision Model Suite[2m > [22m6. Rejects duplicate candidate location IDs with ValidationError[32m 1[2mms[22m[39m
 [32mÔ£ô[39m tests/joint_decision.test.ts[2m > [22mMilestone 6 ÔÇö Joint Spatial-Temporal Decision Model Suite[2m > [22m7. Throws IncompleteTemporalCoverageError when candidate observations are missing[32m 0[2mms[22m[39m
 [32mÔ£ô[39m tests/joint_decision.test.ts[2m > [22mMilestone 6 ÔÇö Joint Spatial-Temporal Decision Model Suite[2m > [22m8. Throws IncompleteTemporalCoverageError when window exceeds +12h forecast horizon[32m 0[2mms[22m[39m
 [32mÔ£ô[39m tests/joint_decision.test.ts[2m > [22mMilestone 6 ÔÇö Joint Spatial-Temporal Decision Model Suite[2m > [22m9. LIVE / FIXTURE Parity ÔÇö Identical observation arrays yield 100% identical joint rankings[32m 0[2mms[22m[39m
 [32mÔ£ô[39m tests/joint_decision.test.ts[2m > [22mMilestone 6 ÔÇö Joint Spatial-Temporal Decision Model Suite[2m > [22m10. Recalculates dynamically for 4-hour operation (3 locations ├ù 3 windows = 9 plans)[32m 0[2mms[22m[39m
 [32mÔ£ô[39m tests/gemini_provider.test.ts[2m > [22mGemini & AI Provider Abstraction[2m > [22m1. Detects Gemini when GEMINI_API_KEY is provided or key starts with AIzaSy[32m 2[2mms[22m[39m
 [32mÔ£ô[39m tests/gemini_provider.test.ts[2m > [22mGemini & AI Provider Abstraction[2m > [22m2. Detects OpenAI when OPENAI_API_KEY is provided[32m 0[2mms[22m[39m
 [32mÔ£ô[39m tests/gemini_provider.test.ts[2m > [22mGemini & AI Provider Abstraction[2m > [22m3. Detects Deterministic when no key is provided[32m 0[2mms[22m[39m
 [32mÔ£ô[39m tests/gemini_provider.test.ts[2m > [22mGemini & AI Provider Abstraction[2m > [22m4. Gemini invocation sends Google Gemini REST schema[32m 4[2mms[22m[39m
 [32mÔ£ô[39m tests/gemini_provider.test.ts[2m > [22mGemini & AI Provider Abstraction[2m > [22m5. AI Connection Test returns CONNECTED on valid response[32m 2[2mms[22m[39m
 [32mÔ£ô[39m tests/gemini_provider.test.ts[2m > [22mGemini & AI Provider Abstraction[2m > [22m6. AI Connection Test returns NOT_CONFIGURED when no key is present[32m 0[2mms[22m[39m
 [32mÔ£ô[39m tests/gemini_provider.test.ts[2m > [22mGemini & AI Provider Abstraction[2m > [22m7. AI explanation falls back deterministically on HTTP failure[32m 27[2mms[22m[39m
 [32mÔ£ô[39m tests/m5_evidence_lock.test.ts[2m > [22mMilestone 5 ÔÇö Empirical Evidence Lock Test Suite (real captured provider data)[2m > [22m1. Verifies exact coordinate containment to 3 distinct REAL provider tile IDs (no boundary ambiguity)[32m 2[2mms[22m[39m
 [32mÔ£ô[39m tests/m5_evidence_lock.test.ts[2m > [22mMilestone 5 ÔÇö Empirical Evidence Lock Test Suite (real captured provider data)[2m > [22m2. Exactly reproduces the captured provider temperatures at the captured hour[32m 1[2mms[22m[39m
 [32mÔ£ô[39m tests/m5_evidence_lock.test.ts[2m > [22mMilestone 5 ÔÇö Empirical Evidence Lock Test Suite (real captured provider data)[2m > [22m3. Verifies the fixture contains ONLY the single captured hour ÔÇö no fabricated hourly series[32m 2[2mms[22m[39m
 [32mÔ£ô[39m tests/m5_evidence_lock.test.ts[2m > [22mMilestone 5 ÔÇö Empirical Evidence Lock Test Suite (real captured provider data)[2m > [22m4. Verifies every observation derives from a REAL captured cell (tile id + geometry exist in the capture)[32m 1[2mms[22m[39m
 [32mÔ£ô[39m tests/security_epistemic.test.ts[2m > [22mSecurity & Epistemic Boundaries[2m > [22m1. LIVE mode failure never silently falls back to FIXTURE mode[32m 8[2mms[22m[39m
 [32mÔ£ô[39m tests/security_epistemic.test.ts[2m > [22mSecurity & Epistemic Boundaries[2m > [22m2. FIXTURE mode cannot be used to represent arbitrary unverified coordinates outside Manhattan[32m 1[2mms[22m[39m
 [32mÔ£ô[39m tests/security_epistemic.test.ts[2m > [22mSecurity & Epistemic Boundaries[2m > [22m3. AI cannot influence or mutate deterministic decision results[32m 1[2mms[22m[39m
 [32mÔ£ô[39m tests/evidence_integrity.test.ts[2m > [22mM4.1 Evidence Integrity & Parity Test Suite[2m > [22m1. No fabricated hourly observations are generated ÔÇö values match the REAL captured provider data verbatim[32m 3[2mms[22m[39m
 [32mÔ£ô[39m tests/evidence_integrity.test.ts[2m > [22mM4.1 Evidence Integrity & Parity Test Suite[2m > [22m2. Missing hourly coverage produces IncompleteTemporalCoverageError (no fabricated missing hours)[32m 0[2mms[22m[39m
 [32mÔ£ô[39m tests/evidence_integrity.test.ts[2m > [22mM4.1 Evidence Integrity & Parity Test Suite[2m > [22m3. Live API failure does not silently produce synthetic data ÔÇö throws explicit typed error[32m 2[2mms[22m[39m
 [32mÔ£ô[39m tests/evidence_integrity.test.ts[2m > [22mM4.1 Evidence Integrity & Parity Test Suite[2m > [22m4. Fixture mode is explicitly identified on observations and DecisionResult[32m 2[2mms[22m[39m
 [32mÔ£ô[39m tests/evidence_integrity.test.ts[2m > [22mM4.1 Evidence Integrity & Parity Test Suite[2m > [22m5. LIVE / FIXTURE Decision Parity ÔÇö equivalent observations produce 100% identical decision results[32m 1[2mms[22m[39m
 [32mÔ£ô[39m tests/evidence_integrity.test.ts[2m > [22mM4.1 Evidence Integrity & Parity Test Suite[2m > [22m6. Provenance tagging is strictly enforced[32m 0[2mms[22m[39m
 [32mÔ£ô[39m tests/evidence_integrity.test.ts[2m > [22mM4.1 Evidence Integrity & Parity Test Suite[2m > [22m7. +12h boundary remains strictly enforced on candidate evaluation[32m 0[2mms[22m[39m
 [32mÔ£ô[39m tests/evidence_integrity.test.ts[2m > [22mM4.1 Evidence Integrity & Parity Test Suite[2m > [22m8. Fixture date ownership is decoupled ÔÇö adapter provides default bounds without route hardcoding[32m 1[2mms[22m[39m
 [32mÔ£ô[39m tests/workspace-interaction.test.ts[2m > [22mworkspace interaction ÔÇö state machine + Reset[2m > [22m1. initial state is EMPTY (no location ÔåÆ nothing else may exist)[32m 1[2mms[22m[39m
 [32mÔ£ô[39m tests/workspace-interaction.test.ts[2m > [22mworkspace interaction ÔÇö state machine + Reset[2m > [22m2. Reset returns the workspace to EMPTY (one compact control, no reload)[32m 1[2mms[22m[39m
 [32mÔ£ô[39m tests/workspace-interaction.test.ts[2m > [22mworkspace interaction ÔÇö state machine + Reset[2m > [22m3. Reset clears thermal/decision/explanation/candidates/scenario state[32m 0[2mms[22m[39m
 [32mÔ£ô[39m tests/workspace-interaction.test.ts[2m > [22mworkspace interaction ÔÇö state machine + Reset[2m > [22m4. Reset invalidates in-flight responses (request-epoch bump + stale discard)[32m 0[2mms[22m[39m
 [32mÔ£ô[39m tests/workspace-interaction.test.ts[2m > [22mworkspace interaction ÔÇö location lifecycle[2m > [22m5. selecting a new location clears old thermal data (never a stale render)[32m 1[2mms[22m[39m
 [32mÔ£ô[39m tests/workspace-interaction.test.ts[2m > [22mworkspace interaction ÔÇö location lifecycle[2m > [22m6. clearing the location removes the marker and returns to EMPTY[32m 0[2mms[22m[39m
 [32mÔ£ô[39m tests/workspace-interaction.test.ts[2m > [22mworkspace interaction ÔÇö location lifecycle[2m > [22m7. the operating-location marker is draggable in LIVE (MapLibre marker drag)[32m 0[2mms[22m[39m
 [32mÔ£ô[39m tests/workspace-interaction.test.ts[2m > [22mworkspace interaction ÔÇö location lifecycle[2m > [22m8. dragging the operating marker invalidates the old result WITHOUT a provider call[32m 0[2mms[22m[39m
 [32mÔ£ô[39m tests/workspace-interaction.test.ts[2m > [22mworkspace interaction ÔÇö AOI derivation & validation[2m > [22m9. Operating Location movement recomputes the canonical AOI (pure translation, same span)[32m 1[2mms[22m[39m
 [32mÔ£ô[39m tests/workspace-interaction.test.ts[2m > [22mworkspace interaction ÔÇö AOI derivation & validation[2m > [22m10. LIVE location movement does NOT automatically call the provider (explicit Generate only)[32m 0[2mms[22m[39m
 [32mÔ£ô[39m tests/workspace-interaction.test.ts[2m > [22mworkspace interaction ÔÇö AOI derivation & validation[2m > [22m11. invalid AOI disables Generate (and states exactly why)[32m 1[2mms[22m[39m
 [32mÔ£ô[39m tests/workspace-interaction.test.ts[2m > [22mworkspace interaction ÔÇö AOI derivation & validation[2m > [22m12. invalid AOI displays immediate recovery feedback (banner + retained geometry)[32m 0[2mms[22m[39m
 [32mÔ£ô[39m tests/workspace-interaction.test.ts[2m > [22mworkspace interaction ÔÇö validateAnalysisAoi (honest constraints)[2m > [22maccepts a normal LIVE AOI anywhere on Earth (no invented regional restriction)[32m 0[2mms[22m[39m
 [32mÔ£ô[39m tests/workspace-interaction.test.ts[2m > [22mworkspace interaction ÔÇö validateAnalysisAoi (honest constraints)[2m > [22mrejects coordinates beyond valid geographic bounds[32m 0[2mms[22m[39m
 [32mÔ£ô[39m tests/workspace-interaction.test.ts[2m > [22mworkspace interaction ÔÇö validateAnalysisAoi (honest constraints)[2m > [22mrejects an AOI exceeding the documented 150 mi┬▓ provider limit (never silently shrunk)[32m 0[2mms[22m[39m
 [32mÔ£ô[39m tests/workspace-interaction.test.ts[2m > [22mworkspace interaction ÔÇö validateAnalysisAoi (honest constraints)[2m > [22mrejects degenerate/empty geometry[32m 0[2mms[22m[39m
 [32mÔ£ô[39m tests/workspace-interaction.test.ts[2m > [22mworkspace interaction ÔÇö validateAnalysisAoi (honest constraints)[2m > [22mresolves the geographic region for dragged points honestly (context follows the point)[32m 0[2mms[22m[39m
 [32mÔ£ô[39m tests/workspace-interaction.test.ts[2m > [22mworkspace interaction ÔÇö candidate lifecycle (ADD ÔåÆ MOVE ÔåÆ REMOVE)[2m > [22m13. candidates can be added (real user-placed sites only)[32m 0[2mms[22m[39m
 [32mÔ£ô[39m tests/workspace-interaction.test.ts[2m > [22mworkspace interaction ÔÇö candidate lifecycle (ADD ÔåÆ MOVE ÔåÆ REMOVE)[2m > [22m14. a candidate can be MOVED inside the AOI (coordinates update exactly)[32m 1[2mms[22m[39m
 [32mÔ£ô[39m tests/workspace-interaction.test.ts[2m > [22mworkspace interaction ÔÇö candidate lifecycle (ADD ÔåÆ MOVE ÔåÆ REMOVE)[2m > [22m15. a candidate can be REMOVED (list + map marker)[32m 0[2mms[22m[39m
 [32mÔ£ô[39m tests/workspace-interaction.test.ts[2m > [22mworkspace interaction ÔÇö candidate lifecycle (ADD ÔåÆ MOVE ÔåÆ REMOVE)[2m > [22m16. a candidate moved OUTSIDE the AOI is REJECTED (kept at its last valid position)[32m 0[2mms[22m[39m
 [32mÔ£ô[39m tests/workspace-interaction.test.ts[2m > [22mworkspace interaction ÔÇö DEMO/LIVE separation + stale invariants[2m > [22m17. an unsupported DEMO location never shows Manhattan thermal data (honest gate)[32m 0[2mms[22m[39m
 [32mÔ£ô[39m tests/workspace-interaction.test.ts[2m > [22mworkspace interaction ÔÇö DEMO/LIVE separation + stale invariants[2m > [22m18. the DEMO AOI is FIXED to the genuine captured request AOI (no drag/resize)[32m 0[2mms[22m[39m
 [32mÔ£ô[39m tests/workspace-interaction.test.ts[2m > [22mworkspace interaction ÔÇö DEMO/LIVE separation + stale invariants[2m > [22m19. the DEMO thermal field has ONE coherent spatial extent (no second square)[32m 0[2mms[22m[39m
 [32mÔ£ô[39m tests/workspace-interaction.test.ts[2m > [22mworkspace interaction ÔÇö DEMO/LIVE separation + stale invariants[2m > [22m20. no stale thermal cells survive location replacement[32m 0[2mms[22m[39m
 [32mÔ£ô[39m tests/workspace-interaction.test.ts[2m > [22mworkspace interaction ÔÇö DEMO/LIVE separation + stale invariants[2m > [22m21. LIVE candidate points are evaluated against the actual containing cells (mapped, not invented)[32m 0[2mms[22m[39m
 [32mÔ£ô[39m tests/workspace-interaction.test.ts[2m > [22mworkspace interaction ÔÇö full stage trajectory[2m > [22mwalks EMPTY ÔåÆ LOCATION_SELECTED ÔåÆ AOI_VALID ÔåÆ READY ÔåÆ GENERATING ÔåÆ RESULT[32m 0[2mms[22m[39m
 [32mÔ£ô[39m tests/workspace-interaction.test.ts[2m > [22mworkspace interaction ÔÇö full stage trajectory[2m > [22mERROR outranks RESULT; NO_DEMO_CAPTURE outranks AOI/ERROR; GENERATING only while loading[32m 0[2mms[22m[39m
 [32mÔ£ô[39m tests/workspace-interaction.test.ts[2m > [22mworkspace interaction ÔÇö full stage trajectory[2m > [22mDEMO auto-load trajectory: GENERATING ÔåÆ RESULT for a captured location[32m 0[2mms[22m[39m
 [32mÔ£ô[39m tests/unit/fortyguard-cache-and-temporal.test.ts[2m > [22mcredit-safe heatmap request identity[2m > [22mis identical for logically identical requests regardless of key order[32m 1[2mms[22m[39m
 [32mÔ£ô[39m tests/unit/fortyguard-cache-and-temporal.test.ts[2m > [22mcredit-safe heatmap request identity[2m > [22mchanges when ANY analytic input changes (AOI / date / time / filter / resolution)[32m 1[2mms[22m[39m
 [32mÔ£ô[39m tests/unit/fortyguard-cache-and-temporal.test.ts[2m > [22madapter-boundary temporal conversion (never the AI)[2m > [22mconverts Los Angeles local wall-clock to the correct UTC instant[32m 17[2mms[22m[39m
 [32mÔ£ô[39m tests/unit/fortyguard-cache-and-temporal.test.ts[2m > [22madapter-boundary temporal conversion (never the AI)[2m > [22mconverts New York and Tokyo wall-clocks correctly across offsets[32m 1[2mms[22m[39m
 [32mÔ£ô[39m tests/unit/fortyguard-cache-and-temporal.test.ts[2m > [22madapter-boundary temporal conversion (never the AI)[2m > [22mbuilds the VERIFIED hourly request date_time block ÔÇö always filter_type: 1 (UTC)[32m 1[2mms[22m[39m
node.exe : [90mstderr[2m | tests/failure_states.test.ts[2m > [22m[2mMilestone 9 ÔÇö Comprehensive System 
Hardening & Failure-State Suite[2m > [22m[2m5. FortyGuard activity polling timeout throws FortyGuardTimeoutError
At C:\Program Files\nodejs\pnpm.ps1:16 char:5
+     & "$basedir/node$exe"  "$basedir/node_modules/corepack/dist/pnpm. ...
+     ~~~~~~~~~~~~~~~~~~~~~~~~~~~~~~~~~~~~~~~~~~~~~~~~~~~~~~~~~~~~~~~~~
    + CategoryInfo          : NotSpecified: ([90mstderr[2m...ardTimeoutError:String) [], RemoteException
    + FullyQualifiedErrorId : NativeCommandError
 
[22m[39m[FortyGuard] HEATMAP_SUBMITTED: {"timestamp":"2026-08-27T10:56:07.373Z","event":"HEATMAP_SUBMITTED","endpoint
":"/v1/heatmap","activityId":"act-123","filterType":1,"startDate":"2026-08-21","granularity":60}

 [32mÔ£ô[39m tests/explanation.test.ts[2m > [22mMilestone 8 ÔÇö AI Explanation Layer & Grounding Guardrails Suite[2m > [22m1. Deterministic fallback produces complete, correct explanation without an LLM[32m 20[2mms[22m[39m
 [32mÔ£ô[39m tests/explanation.test.ts[2m > [22mMilestone 8 ÔÇö AI Explanation Layer & Grounding Guardrails Suite[2m > [22m2. Valid grounded AI response is accepted and tagged AI_GROUNDED_EXPLAINER[32m 3[2mms[22m[39m
 [32mÔ£ô[39m tests/explanation.test.ts[2m > [22mMilestone 8 ÔÇö AI Explanation Layer & Grounding Guardrails Suite[2m > [22m3. Unknown / invented numeric value causes immediate rejection and fallback[32m 1[2mms[22m[39m
 [32mÔ£ô[39m tests/explanation.test.ts[2m > [22mMilestone 8 ÔÇö AI Explanation Layer & Grounding Guardrails Suite[2m > [22m4. Forbidden medical or safety statement causes immediate rejection and fallback[32m 0[2mms[22m[39m
 [32mÔ£ô[39m tests/explanation.test.ts[2m > [22mMilestone 8 ÔÇö AI Explanation Layer & Grounding Guardrails Suite[2m > [22m5. Unsupported physical semantics claim (ambient 2m / skin temp) causes rejection[32m 0[2mms[22m[39m
 [32mÔ£ô[39m tests/explanation.test.ts[2m > [22mMilestone 8 ÔÇö AI Explanation Layer & Grounding Guardrails Suite[2m > [22m6. Malformed AI response (invalid JSON / missing fields) triggers deterministic fallback[32m 1[2mms[22m[39m
 [32mÔ£ô[39m tests/explanation.test.ts[2m > [22mMilestone 8 ÔÇö AI Explanation Layer & Grounding Guardrails Suite[2m > [22m7. LLM timeout or network failure triggers deterministic fallback[32m 1[2mms[22m[39m
 [32mÔ£ô[39m tests/explanation.test.ts[2m > [22mMilestone 8 ÔÇö AI Explanation Layer & Grounding Guardrails Suite[2m > [22m8. LIVE / FIXTURE dataSource is strictly preserved in explanation output[32m 0[2mms[22m[39m
 [32mÔ£ô[39m tests/explanation.test.ts[2m > [22mMilestone 8 ÔÇö AI Explanation Layer & Grounding Guardrails Suite[2m > [22m9. Model version (v1.0.0-spatial-thermal-baseline) is strictly preserved[32m 0[2mms[22m[39m
 [32mÔ£ô[39m tests/explanation.test.ts[2m > [22mMilestone 8 ÔÇö AI Explanation Layer & Grounding Guardrails Suite[2m > [22m10. Deterministic decision result is immutable and cannot be altered by explanation layer[32m 30[2mms[22m[39m
 [32mÔ£ô[39m tests/explanation.test.ts[2m > [22mMilestone 8 ÔÇö AI Explanation Layer & Grounding Guardrails Suite[2m > [22m11. AI cannot alter recommended location in domain data[32m 0[2mms[22m[39m
 [32mÔ£ô[39m tests/explanation.test.ts[2m > [22mMilestone 8 ÔÇö AI Explanation Layer & Grounding Guardrails Suite[2m > [22m12. AI cannot alter recommended operating window in domain data[32m 0[2mms[22m[39m
 [32mÔ£ô[39m tests/explanation.test.ts[2m > [22mMilestone 8 ÔÇö AI Explanation Layer & Grounding Guardrails Suite[2m > [22m13. AI cannot alter exposure score in domain data[32m 0[2mms[22m[39m
 [32mÔ£ô[39m tests/explanation.test.ts[2m > [22mMilestone 8 ÔÇö AI Explanation Layer & Grounding Guardrails Suite[2m > [22m14. AI cannot alter constraint cost in domain data[32m 0[2mms[22m[39m
 [32mÔ£ô[39m tests/explanation.test.ts[2m > [22mMilestone 8 ÔÇö AI Explanation Layer & Grounding Guardrails Suite[2m > [22mNumeric Precision & Date/Time Grounding Regression Tests[2m > [22m15. 29.15 and 29.150 pass numeric validation[32m 1[2mms[22m[39m
 [32mÔ£ô[39m tests/explanation.test.ts[2m > [22mMilestone 8 ÔÇö AI Explanation Layer & Grounding Guardrails Suite[2m > [22mNumeric Precision & Date/Time Grounding Regression Tests[2m > [22m16. 29.19 and 29.20 are rejected (tolerance <= 0.01)[32m 0[2mms[22m[39m
 [32mÔ£ô[39m tests/explanation.test.ts[2m > [22mMilestone 8 ÔÇö AI Explanation Layer & Grounding Guardrails Suite[2m > [22mNumeric Precision & Date/Time Grounding Regression Tests[2m > [22m17. 8.40 is valid; 8.44 and 8.45 are rejected[32m 0[2mms[22m[39m
 [32mÔ£ô[39m tests/explanation.test.ts[2m > [22mMilestone 8 ÔÇö AI Explanation Layer & Grounding Guardrails Suite[2m > [22mNumeric Precision & Date/Time Grounding Regression Tests[2m > [22m18. Valid evidence timestamps (2026, 08, 21, 08:00, 10:00) are accepted[32m 0[2mms[22m[39m
 [32mÔ£ô[39m tests/explanation.test.ts[2m > [22mMilestone 8 ÔÇö AI Explanation Layer & Grounding Guardrails Suite[2m > [22mNumeric Precision & Date/Time Grounding Regression Tests[2m > [22m19. Unknown dates and standalone fabricated numbers are rejected[32m 0[2mms[22m[39m
[90mstderr[2m | tests/failure_states.test.ts[2m > [22m[2mMilestone 9 ÔÇö Comprehensive System Hardening & 
Failure-State Suite[2m > [22m[2m5. FortyGuard activity polling timeout throws FortyGuardTimeoutError
[22m[39m[FortyGuard] HEATMAP_TIMEOUT: {"timestamp":"2026-08-27T10:56:37.373Z","event":"HEATMAP_TIMEOUT","activityId":
"act-123","attempts":15,"totalDurationMs":30000,"pollingCeilingMs":30000}

 [32mÔ£ô[39m tests/location_sync.test.ts[2m > [22mLocation Selection & Decision Synchronization (Source-of-Truth)[2m > [22m1. Searching "California" returns supported CA metros (LA, SF, SD) and NO Manhattan locations[32m 3[2mms[22m[39m
 [32mÔ£ô[39m tests/location_sync.test.ts[2m > [22mLocation Selection & Decision Synchronization (Source-of-Truth)[2m > [22m2. Searching "Texas" returns supported TX metros (Houston, Dallas, Austin)[32m 1[2mms[22m[39m
 [32mÔ£ô[39m tests/location_sync.test.ts[2m > [22mLocation Selection & Decision Synchronization (Source-of-Truth)[2m > [22m3. Searching "New York" returns NY locations[32m 0[2mms[22m[39m
 [32mÔ£ô[39m tests/location_sync.test.ts[2m > [22mLocation Selection & Decision Synchronization (Source-of-Truth)[2m > [22m4. Searching "Florida" returns FL locations[32m 0[2mms[22m[39m
 [32mÔ£ô[39m tests/location_sync.test.ts[2m > [22mLocation Selection & Decision Synchronization (Source-of-Truth)[2m > [22m5. isLocationCoveredByFixture correctly validates Manhattan vs other states[32m 0[2mms[22m[39m
 [32mÔ£ô[39m tests/location_sync.test.ts[2m > [22mLocation Selection & Decision Synchronization (Source-of-Truth)[2m > [22m6. Decision API in FIXTURE mode rejects California coordinates with OUTSIDE_COVERAGE error (no silent Battery Park substitution)[32m 23[2mms[22m[39m
 [32mÔ£ô[39m tests/location_sync.test.ts[2m > [22mLocation Selection & Decision Synchronization (Source-of-Truth)[2m > [22m7. Decision API in FIXTURE mode succeeds for valid Manhattan coordinates[32m 11[2mms[22m[39m
 [32mÔ£ô[39m tests/location_sync.test.ts[2m > [22mLocation Selection & Decision Synchronization (Source-of-Truth)[2m > [22m8. In LIVE mode: candidates are centered on requested coordinates, never Manhattan defaults[32m 0[2mms[22m[39m
 [32mÔ£ô[39m tests/location_sync.test.ts[2m > [22mLocation Selection & Decision Synchronization (Source-of-Truth)[2m > [22m9. Coordinate equality regression test: selectedLocation coordinates === coordinates sent to /api/decision[32m 3[2mms[22m[39m
 [32mÔ£ô[39m tests/adapter.test.ts[2m > [22mFortyGuard Adapter Unit Tests[2m > [22mPoint Observation Normalization & Provenance[2m > [22mnormalizes spatial tile to point observation via exact point-in-polygon mapping[32m 2[2mms[22m[39m
 [32mÔ£ô[39m tests/adapter.test.ts[2m > [22mFortyGuard Adapter Unit Tests[2m > [22mPoint Observation Normalization & Provenance[2m > [22mthrows OutsideCoverageError if point lies outside tile boundary[32m 1[2mms[22m[39m
 [32mÔ£ô[39m tests/adapter.test.ts[2m > [22mFortyGuard Adapter Unit Tests[2m > [22mFIXTURE Mode Constraints[2m > [22mfetches discrete hourly snapshots in FIXTURE mode without inventing data[32m 1[2mms[22m[39m
 [32mÔ£ô[39m tests/adapter.test.ts[2m > [22mFortyGuard Adapter Unit Tests[2m > [22mFIXTURE Mode Constraints[2m > [22mthrows IncompleteTemporalCoverageError when requested timestamp is missing from fixture[32m 0[2mms[22m[39m
 [32mÔ£ô[39m tests/failure_states.test.ts[2m > [22mMilestone 9 ÔÇö Comprehensive System Hardening & Failure-State Suite[2m > [22m1. Missing FortyGuard API key throws AuthenticationError in LIVE mode[32m 11[2mms[22m[39m
 [32mÔ£ô[39m tests/failure_states.test.ts[2m > [22mMilestone 9 ÔÇö Comprehensive System Hardening & Failure-State Suite[2m > [22m2. Invalid FortyGuard credentials (HTTP 401) throw AuthenticationError[32m 13[2mms[22m[39m
 [32mÔ£ô[39m tests/failure_states.test.ts[2m > [22mMilestone 9 ÔÇö Comprehensive System Hardening & Failure-State Suite[2m > [22m3. FortyGuard HTTP 500 failure throws FortyGuardApiError with status code[32m 8[2mms[22m[39m
 [32mÔ£ô[39m tests/failure_states.test.ts[2m > [22mMilestone 9 ÔÇö Comprehensive System Hardening & Failure-State Suite[2m > [22m4. Malformed FortyGuard response missing activity_id throws FortyGuardApiError[32m 7[2mms[22m[39m
 [32mÔ£ô[39m tests/failure_states.test.ts[2m > [22mMilestone 9 ÔÇö Comprehensive System Hardening & Failure-State Suite[2m > [22m5. FortyGuard activity polling timeout throws FortyGuardTimeoutError[32m 15[2mms[22m[39m
 [32mÔ£ô[39m tests/failure_states.test.ts[2m > [22mMilestone 9 ÔÇö Comprehensive System Hardening & Failure-State Suite[2m > [22m6. Missing hourly snapshot throws IncompleteTemporalCoverageError[32m 1[2mms[22m[39m
 [32mÔ£ô[39m tests/failure_states.test.ts[2m > [22mMilestone 9 ÔÇö Comprehensive System Hardening & Failure-State Suite[2m > [22m7. Operating window bounds exceeding +12h forecast lead time throw IncompleteTemporalCoverageError[32m 1[2mms[22m[39m
 [32mÔ£ô[39m tests/failure_states.test.ts[2m > [22mMilestone 9 ÔÇö Comprehensive System Hardening & Failure-State Suite[2m > [22m8. Coordinates outside spatial coverage throw OutsideCoverageError[32m 1[2mms[22m[39m
 [32mÔ£ô[39m tests/failure_states.test.ts[2m > [22mMilestone 9 ÔÇö Comprehensive System Hardening & Failure-State Suite[2m > [22m9. Explanation timeout triggers deterministic fallback[32m 18[2mms[22m[39m
 [32mÔ£ô[39m tests/failure_states.test.ts[2m > [22mMilestone 9 ÔÇö Comprehensive System Hardening & Failure-State Suite[2m > [22m10. Explanation grounding rejection triggers deterministic fallback[32m 2[2mms[22m[39m
 [32mÔ£ô[39m tests/failure_states.test.ts[2m > [22mMilestone 9 ÔÇö Comprehensive System Hardening & Failure-State Suite[2m > [22m11. Successful decision is never mutated by a failed explanation[32m 1[2mms[22m[39m
 [32mÔ£ô[39m tests/failure_states.test.ts[2m > [22mMilestone 9 ÔÇö Comprehensive System Hardening & Failure-State Suite[2m > [22m12. LIVE mode failure never silently falls back to FIXTURE mode[32m 8[2mms[22m[39m
 [32mÔ£ô[39m tests/failure_states.test.ts[2m > [22mMilestone 9 ÔÇö Comprehensive System Hardening & Failure-State Suite[2m > [22m13. FIXTURE mode explicitly preserves dataSource: FIXTURE[32m 0[2mms[22m[39m
[90mstderr[2m | tests/adapter.test.ts[2m > [22m[2mFortyGuard Adapter Unit Tests[2m > [22m[2mLIVE Mode 
Concurrency, Caching & Reliability[2m > [22m[2mrespects concurrencyLimit = 2 when fetching 6 hourly snapshots in 
LIVE mode
[22m[39m[FortyGuard] HEATMAP_SUBMITTED: {"timestamp":"2026-08-27T10:56:07.456Z","event":"HEATMAP_SUBMITTED","endpoint
":"/v1/heatmap","activityId":"act-jhkx3m","filterType":1,"startDate":"2026-08-24","startTime":"10:00","granularity":60}
[FortyGuard] HEATMAP_TIMEOUT: {"timestamp":"2026-08-27T10:56:07.457Z","event":"HEATMAP_TIMEOUT","activityId":"act-jhkx3
m","attempts":5,"totalDurationMs":30,"pollingCeilingMs":25}

[90mstderr[2m | tests/adapter.test.ts[2m > [22m[2mFortyGuard Adapter Unit Tests[2m > [22m[2mLIVE Mode 
Concurrency, Caching & Reliability[2m > [22m[2mrespects concurrencyLimit = 2 when fetching 6 hourly snapshots in 
LIVE mode
[22m[39m[FortyGuard] HEATMAP_RETRY: {"timestamp":"2026-08-27T10:56:07.457Z","event":"HEATMAP_RETRY","attempt":1,"maxR
etries":1,"backoffMs":1000,"startDate":"2026-08-24","startTime":"10:00","reason":"FortyGuard activity act-jhkx3m timed 
out after 5 polling attempts (0s)"}

[90mstderr[2m | tests/adapter.test.ts[2m > [22m[2mFortyGuard Adapter Unit Tests[2m > [22m[2mLIVE Mode 
Concurrency, Caching & Reliability[2m > [22m[2mrespects concurrencyLimit = 2 when fetching 6 hourly snapshots in 
LIVE mode
[22m[39m[FortyGuard] HEATMAP_SUBMITTED: {"timestamp":"2026-08-27T10:56:07.458Z","event":"HEATMAP_SUBMITTED","endpoint
":"/v1/heatmap","activityId":"act-m1tia3","filterType":1,"startDate":"2026-08-24","startTime":"11:00","granularity":60}
[FortyGuard] HEATMAP_TIMEOUT: {"timestamp":"2026-08-27T10:56:07.458Z","event":"HEATMAP_TIMEOUT","activityId":"act-m1tia
3","attempts":5,"totalDurationMs":31,"pollingCeilingMs":25}

[90mstderr[2m | tests/adapter.test.ts[2m > [22m[2mFortyGuard Adapter Unit Tests[2m > [22m[2mLIVE Mode 
Concurrency, Caching & Reliability[2m > [22m[2mrespects concurrencyLimit = 2 when fetching 6 hourly snapshots in 
LIVE mode
[22m[39m[FortyGuard] HEATMAP_RETRY: {"timestamp":"2026-08-27T10:56:07.458Z","event":"HEATMAP_RETRY","attempt":1,"maxR
etries":1,"backoffMs":1000,"startDate":"2026-08-24","startTime":"11:00","reason":"FortyGuard activity act-m1tia3 timed 
out after 5 polling attempts (0s)"}

 [32mÔ£ô[39m tests/spatial-model-corrections.test.ts[2m > [22m┬º16.1-2 ÔÇö AOI span presets produce VISIBLY different geometry[2m > [22m250m polygon is visibly smaller than 1km polygon (side semantics)[32m 1[2mms[22m[39m
 [32mÔ£ô[39m tests/spatial-model-corrections.test.ts[2m > [22m┬º16.1-2 ÔÇö AOI span presets produce VISIBLY different geometry[2m > [22m250m circle is visibly smaller than 1km circle (diameter semantics)[32m 0[2mms[22m[39m
 [32mÔ£ô[39m tests/spatial-model-corrections.test.ts[2m > [22m┬º16.1-2 ÔÇö AOI span presets produce VISIBLY different geometry[2m > [22mspan labels expose user semantics (side ├ù side / diameter), never "halfSideMetres"[32m 0[2mms[22m[39m
 [32mÔ£ô[39m tests/spatial-model-corrections.test.ts[2m > [22m┬º16.3-4 ÔÇö AOI movement preserves shape (pure translation)[2m > [22mpolygon remains SQUARE after movement[32m 0[2mms[22m[39m
 [32mÔ£ô[39m tests/spatial-model-corrections.test.ts[2m > [22m┬º16.3-4 ÔÇö AOI movement preserves shape (pure translation)[2m > [22mcircle remains CIRCULAR after movement[32m 0[2mms[22m[39m
 [32mÔ£ô[39m tests/spatial-model-corrections.test.ts[2m > [22m┬º16.5 + ┬º16.17 ÔÇö moved AOI geometry IS the API geometry[2m > [22mtranslated AOI equals freshly-built AOI at the new center (canonical contract)[32m 1[2mms[22m[39m
 [32mÔ£ô[39m tests/spatial-model-corrections.test.ts[2m > [22m┬º16.5 + ┬º16.17 ÔÇö moved AOI geometry IS the API geometry[2m > [22mcity selection creates an AOI centered exactly at the city coordinates[32m 0[2mms[22m[39m
 [32mÔ£ô[39m tests/spatial-model-corrections.test.ts[2m > [22m┬º16.10 ÔÇö candidate containment (never silently moved/clamped)[2m > [22maccepts a candidate inside the AOI[32m 0[2mms[22m[39m
 [32mÔ£ô[39m tests/spatial-model-corrections.test.ts[2m > [22m┬º16.10 ÔÇö candidate containment (never silently moved/clamped)[2m > [22mrejects a candidate outside the AOI (including just past the edge)[32m 0[2mms[22m[39m
 [32mÔ£ô[39m tests/spatial-model-corrections.test.ts[2m > [22m┬º16.10 ÔÇö candidate containment (never silently moved/clamped)[2m > [22mcircle AOI containment follows the circular boundary[32m 0[2mms[22m[39m
 [32mÔ£ô[39m tests/spatial-model-corrections.test.ts[2m > [22m┬º16.15-16 ÔÇö geographic region Ôëá subscription coverage; state Ôëá analysis point[2m > [22mUI labels the state layer as GEOGRAPHIC REGION (never provider-plan coverage)[32m 1[2mms[22m[39m
 [32mÔ£ô[39m tests/spatial-model-corrections.test.ts[2m > [22m┬º16.15-16 ÔÇö geographic region Ôëá subscription coverage; state Ôëá analysis point[2m > [22mstate selection is context-only: camera fits region, analysis point does NOT move[32m 26[2mms[22m[39m
 [32mÔ£ô[39m tests/spatial-model-corrections.test.ts[2m > [22m┬º16.15-16 ÔÇö geographic region Ôëá subscription coverage; state Ôëá analysis point[2m > [22mcity/street selections DO recenter the AOI at the selection coordinates[32m 1[2mms[22m[39m
 [32mÔ£ô[39m tests/spatial-model-corrections.test.ts[2m > [22m┬º16.20 ÔÇö stale thermal data is cleared after location/AOI change[2m > [22mpage clears results on location select, AOI move, and AOI size/shape/resolution change[32m 1[2mms[22m[39m
 [32mÔ£ô[39m tests/spatial-model-corrections.test.ts[2m > [22m┬º16.9 (source) ÔÇö no synthetic SITE-N / SITE-CENTER / SITE-W generation exists[2m > [22mdecision route contains no synthetic offset-candidate generator[32m 0[2mms[22m[39m
 [32mÔ£ô[39m tests/spatial-model-corrections.test.ts[2m > [22m┬º16.9 (source) ÔÇö no synthetic SITE-N / SITE-CENTER / SITE-W generation exists[2m > [22msynthetic thermal generator module is deleted from the codebase[32m 1[2mms[22m[39m
 [32mÔ£ô[39m tests/spatial-model-corrections.test.ts[2m > [22m┬º16.9 ÔÇö LIVE never fabricates candidates[2m > [22mLIVE with no candidates ÔåÆ 400 CANDIDATES_REQUIRED (actionable, not silent)[32m 25[2mms[22m[39m
 [32mÔ£ô[39m tests/spatial-model-corrections.test.ts[2m > [22m┬º16.10 ÔÇö candidate outside AOI is rejected by the API[2m > [22mLIVE with an out-of-AOI candidate ÔåÆ 400 CANDIDATE_OUTSIDE_AOI[32m 2[2mms[22m[39m
 [32mÔ£ô[39m tests/spatial-model-corrections.test.ts[2m > [22m┬º16.11 ÔÇö demo Manhattan candidates appear only for the Manhattan fixture[2m > [22mFIXTURE request outside Manhattan bounds ÔåÆ 404 OUTSIDE_COVERAGE (no Manhattan sites for Oakland/LA)[32m 2[2mms[22m[39m
 [32mÔ£ô[39m tests/spatial-model-corrections.test.ts[2m > [22m┬º16.11 ÔÇö demo Manhattan candidates appear only for the Manhattan fixture[2m > [22mFIXTURE at Manhattan uses the three DEMO CANDIDATES (LOC-A/B/C) against the real capture[32m 11[2mms[22m[39m
 [32mÔ£ô[39m tests/spatial-model-corrections.test.ts[2m > [22m┬º16.18 ÔÇö LIVE missing date/time is rejected[2m > [22mLIVE without temporalInput ÔåÆ 400 with explicit temporal requirement[32m 1[2mms[22m[39m
 [32mÔ£ô[39m tests/demo-live-separation.test.ts[2m > [22mDEMO/LIVE separation ÔÇö the captured analysis area (fixture metadata)[2m > [22mthe client mirror equals the genuine capture request AOI verbatim (server metadata)[32m 2[2mms[22m[39m
 [32mÔ£ô[39m tests/demo-live-separation.test.ts[2m > [22mDEMO/LIVE separation ÔÇö the captured analysis area (fixture metadata)[2m > [22mthe captured analysis area is ~2.4km ├ù 2.4km (the real capture request span)[32m 1[2mms[22m[39m
 [32mÔ£ô[39m tests/demo-live-separation.test.ts[2m > [22mDEMO/LIVE separation ÔÇö the captured analysis area (fixture metadata)[2m > [22mFIXTURE_CAPTURE_CENTER is the geometric center of the captured analysis area[32m 0[2mms[22m[39m
 [32mÔ£ô[39m tests/demo-live-separation.test.ts[2m > [22mDEMO/LIVE separation ÔÇö the captured analysis area (fixture metadata)[2m > [22mthe captured analysis area contains the captured thermal field and the DEMO candidates[32m 94[2mms[22m[39m
 [32mÔ£ô[39m tests/demo-live-separation.test.ts[2m > [22mDEMO/LIVE separation ÔÇö DEMO coverage semantics[2m > [22monly locations inside the captured field have a DEMO capture[32m 0[2mms[22m[39m
[90mstderr[2m | tests/fortyguard-contract.test.ts[2m > [22m[2mFortyGuard contract ÔÇö DEMO is a verbatim replay 
of the REAL capture[2m > [22m[2m5. temporal provenance reports filter_type:1 for the ACTUAL hourly requests (LIVE) 
and NO request (DEMO)
[22m[39m[FortyGuard] HEATMAP_SUBMITTED: {"timestamp":"2026-08-27T10:56:07.477Z","event":"HEATMAP_SUBMITTED","endpoint
":"/v1/heatmap","activityId":"act-1","filterType":1,"startDate":"2026-08-20","startTime":"17:00","granularity":60}
[FortyGuard] HEATMAP_SUBMITTED: {"timestamp":"2026-08-27T10:56:07.478Z","event":"HEATMAP_SUBMITTED","endpoint":"/v1/hea
tmap","activityId":"act-2","filterType":1,"startDate":"2026-08-20","startTime":"18:00","granularity":60}

 [32mÔ£ô[39m tests/demo-live-separation.test.ts[2m > [22mDEMO/LIVE separation ÔÇö decision route (DEMO evaluates the captured request area)[2m > [22mDEMO at a captured location with the captured analysis area ÔåÆ 200, 425 verbatim cells, zero provider calls[32m 35[2mms[22m[39m
 [32mÔ£ô[39m tests/demo-live-separation.test.ts[2m > [22mDEMO/LIVE separation ÔÇö decision route (DEMO evaluates the captured request area)[2m > [22mDEMO never clips/regrids: a small client AOI still evaluates the CAPTURED analysis area verbatim[32m 6[2mms[22m[39m
 [32mÔ£ô[39m tests/demo-live-separation.test.ts[2m > [22mDEMO/LIVE separation ÔÇö decision route (DEMO evaluates the captured request area)[2m > [22mDEMO at a location WITHOUT a capture ÔåÆ 404 OUTSIDE_COVERAGE (even with the captured AOI submitted)[32m 2[2mms[22m[39m
 [32mÔ£ô[39m tests/demo-live-separation.test.ts[2m > [22mDEMO/LIVE separation ÔÇö workspace state machine (source contract)[2m > [22mopens in the EMPTY state ÔÇö no location pre-selected, no implicit DEMO analysis[32m 0[2mms[22m[39m
 [32mÔ£ô[39m tests/demo-live-separation.test.ts[2m > [22mDEMO/LIVE separation ÔÇö workspace state machine (source contract)[2m > [22mDEMO selection loads the captured dataset; no-capture locations get the honest gate[32m 0[2mms[22m[39m
 [32mÔ£ô[39m tests/demo-live-separation.test.ts[2m > [22mDEMO/LIVE separation ÔÇö workspace state machine (source contract)[2m > [22mcandidates are application-defined and exist ONLY when a capture is loaded[32m 0[2mms[22m[39m
 [32mÔ£ô[39m tests/demo-live-separation.test.ts[2m > [22mDEMO/LIVE separation ÔÇö workspace state machine (source contract)[2m > [22mthe DEMO analysis area is the captured area ÔÇö LIVE keeps the AOI/resolution controls[32m 0[2mms[22m[39m
 [32mÔ£ô[39m tests/demo-live-separation.test.ts[2m > [22mDEMO/LIVE separation ÔÇö workspace state machine (source contract)[2m > [22moperating location dragging is a LIVE control ÔÇö the captured analysis area is fixed in DEMO[32m 0[2mms[22m[39m
 [32mÔ£ô[39m tests/demo-live-separation.test.ts[2m > [22mDEMO/LIVE separation ÔÇö workspace state machine (source contract)[2m > [22mthe no-capture state offers Switch to LIVE (requirement 3)[32m 0[2mms[22m[39m
[90mstderr[2m | tests/spatial-model-corrections.test.ts[2m > [22m[2m┬º16.13-14 ÔÇö LIVE renders provider-returned 
cells with provider granularity[2m > [22m[2mLIVE thermal field is EXACTLY the provider-returned FeatureCollection
[22m[39m[FortyGuard] HEATMAP_SUBMITTED: {"timestamp":"2026-08-27T10:56:07.498Z","event":"HEATMAP_SUBMITTED","endpoint
":"/v1/heatmap","activityId":"act-live-test","filterType":1,"startDate":"2026-08-26","startTime":"10:00","granularity":
80}

[90mstderr[2m | tests/spatial-model-corrections.test.ts[2m > [22m[2m┬º16.13-14 ÔÇö LIVE renders provider-returned 
cells with provider granularity[2m > [22m[2mLIVE thermal field is EXACTLY the provider-returned FeatureCollection
[22m[39m[FortyGuard] HEATMAP_COMPLETED: {"timestamp":"2026-08-27T10:56:07.501Z","event":"HEATMAP_COMPLETED","activity
Id":"act-live-test","attempts":1,"totalDurationMs":3}

[90mstderr[2m | tests/spatial-model-corrections.test.ts[2m > [22m[2m┬º16.13-14 ÔÇö LIVE renders provider-returned 
cells with provider granularity[2m > [22m[2mthe selected 60/80/100 value is sent to FortyGuard as `granularity` 
(not zoom)
[22m[39m[FortyGuard] HEATMAP_SUBMITTED: {"timestamp":"2026-08-27T10:56:07.502Z","event":"HEATMAP_SUBMITTED","endpoint
":"/v1/heatmap","activityId":"act-g80","filterType":1,"startDate":"2026-08-26","startTime":"10:00","granularity":80}

[90mstderr[2m | tests/spatial-model-corrections.test.ts[2m > [22m[2m┬º16.13-14 ÔÇö LIVE renders provider-returned 
cells with provider granularity[2m > [22m[2mthe selected 60/80/100 value is sent to FortyGuard as `granularity` 
(not zoom)
[22m[39m[FortyGuard] HEATMAP_COMPLETED: {"timestamp":"2026-08-27T10:56:07.516Z","event":"HEATMAP_COMPLETED","activity
Id":"act-g80","attempts":1,"totalDurationMs":14}

 [32mÔ£ô[39m tests/spatial-model-corrections.test.ts[2m > [22m┬º16.6-8 ÔÇö real geocoding search[2m > [22m"Oakland" resolves to Oakland coordinates via the geocoder[32m 41[2mms[22m[39m
 [32mÔ£ô[39m tests/spatial-model-corrections.test.ts[2m > [22m┬º16.6-8 ÔÇö real geocoding search[2m > [22mstreet/address results are classified with point-precision camera behavior[32m 1[2mms[22m[39m
 [32mÔ£ô[39m tests/spatial-model-corrections.test.ts[2m > [22m┬º16.6-8 ÔÇö real geocoding search[2m > [22mfalls back to Nominatim when Photon returns nothing[32m 1[2mms[22m[39m
 [32mÔ£ô[39m tests/spatial-model-corrections.test.ts[2m > [22m┬º16.6-8 ÔÇö real geocoding search[2m > [22mgeocoder outage degrades to the verified catalog (never invented coordinates)[32m 1[2mms[22m[39m
 [32mÔ£ô[39m tests/spatial-model-corrections.test.ts[2m > [22m┬º16.12 ÔÇö DEMO never generates synthetic thermal temperatures (REAL capture)[2m > [22mFIXTURE returns EXACTLY the 425 captured provider cells ÔÇö regardless of AOI shape/size[32m 19[2mms[22m[39m
 [32mÔ£ô[39m tests/spatial-model-corrections.test.ts[2m > [22m┬º16.12 ÔÇö DEMO never generates synthetic thermal temperatures (REAL capture)[2m > [22mDEMO granularity metadata is the capture's ACTUAL 100m ÔÇö never the user-selected value[32m 0[2mms[22m[39m
 [32mÔ£ô[39m tests/spatial-model-corrections.test.ts[2m > [22m┬º16.13-14 ÔÇö LIVE renders provider-returned cells with provider granularity[2m > [22mLIVE thermal field is EXACTLY the provider-returned FeatureCollection[32m 6[2mms[22m[39m
 [32mÔ£ô[39m tests/spatial-model-corrections.test.ts[2m > [22m┬º16.13-14 ÔÇö LIVE renders provider-returned cells with provider granularity[2m > [22mthe selected 60/80/100 value is sent to FortyGuard as `granularity` (not zoom)[32m 15[2mms[22m[39m
 [32mÔ£ô[39m tests/spatial-model-corrections.test.ts[2m > [22m┬º16.19 ÔÇö LIVE failure NEVER swaps to fixture data[2m > [22mHTTP 402 (credits exhausted) throws ÔÇö no silent fallback to captured cells[32m 3[2mms[22m[39m
 [32mÔ£ô[39m tests/adapter.test.ts[2m > [22mFortyGuard Adapter Unit Tests[2m > [22mrunWithConcurrency helper[2m > [22mexecutes tasks with bounded concurrency limit and preserves ordering[32m 99[2mms[22m[39m
 [32mÔ£ô[39m tests/adapter.test.ts[2m > [22mFortyGuard Adapter Unit Tests[2m > [22mrunWithConcurrency helper[2m > [22mhandles empty input gracefully[32m 0[2mms[22m[39m
 [32mÔ£ô[39m tests/adapter.test.ts[2m > [22mFortyGuard Adapter Unit Tests[2m > [22mLIVE Mode Concurrency, Caching & Reliability[2m > [22mthrows AuthenticationError in LIVE mode when API key is missing[32m 4[2mms[22m[39m
 [32mÔ£ô[39m tests/fortyguard-contract.test.ts[2m > [22mFortyGuard contract ÔÇö DEMO is a verbatim replay of the REAL capture[2m > [22m1. DEMO uses real captured provider geometry ÔÇö every fixture cell equals the raw provider response verbatim[32m 26[2mms[22m[39m
 [32mÔ£ô[39m tests/fortyguard-contract.test.ts[2m > [22mFortyGuard contract ÔÇö DEMO is a verbatim replay of the REAL capture[2m > [22m2. DEMO metadata reports the ACTUAL 100m capture granularity ÔÇö server, client mirror, and capture request agree[32m 0[2mms[22m[39m
 [32mÔ£ô[39m tests/fortyguard-contract.test.ts[2m > [22mFortyGuard contract ÔÇö DEMO is a verbatim replay of the REAL capture[2m > [22m3. DEMO does not fabricate additional cells ÔÇö exactly the 425 provider cells regardless of requested granularity/shape[32m 0[2mms[22m[39m
 [32mÔ£ô[39m tests/fortyguard-contract.test.ts[2m > [22mFortyGuard contract ÔÇö DEMO is a verbatim replay of the REAL capture[2m > [22m4. DEMO does not fabricate additional hours ÔÇö one snapshot only; any other hour is rejected[32m 2[2mms[22m[39m
 [32mÔ£ô[39m tests/evaluator.test.ts[2m > [22mDecision Engine Evaluator & Pipeline[2m > [22mgenerates sliding candidate windows correctly[32m 3[2mms[22m[39m
 [32mÔ£ô[39m tests/evaluator.test.ts[2m > [22mDecision Engine Evaluator & Pipeline[2m > [22mevaluates window exposure mean temperature deterministically[32m 0[2mms[22m[39m
 [32mÔ£ô[39m tests/evaluator.test.ts[2m > [22mDecision Engine Evaluator & Pipeline[2m > [22mranks windows by lowest exposure score and breaks ties by earlier start time[32m 1[2mms[22m[39m
 [32mÔ£ô[39m tests/evaluator.test.ts[2m > [22mDecision Engine Evaluator & Pipeline[2m > [22mthrows IncompleteTemporalCoverageError if windows exceed +12h forecast limit[32m 0[2mms[22m[39m
 [32mÔ£ô[39m tests/evaluator.test.ts[2m > [22mDecision Engine Evaluator & Pipeline[2m > [22mthrows InfeasibleConstraintsError if span is shorter than duration[32m 0[2mms[22m[39m
 [32mÔ£ô[39m tests/evaluator.test.ts[2m > [22mDecision Engine Evaluator & Pipeline[2m > [22mevaluates 3-hour operation windows and selects lowest mean exposure (PRD ┬º3)[32m 0[2mms[22m[39m
 [32mÔ£ô[39m src/__tests__/map_interaction_model.test.ts[2m > [22mMap Interaction & Spatial Model Invariants[2m > [22mInvariant 1: LIVE Analysis AOI is strictly centered on Operating Location[2m > [22mcreates square AOI with center matching operating location coordinates[32m 1[2mms[22m[39m
 [32mÔ£ô[39m src/__tests__/map_interaction_model.test.ts[2m > [22mMap Interaction & Spatial Model Invariants[2m > [22mInvariant 1: LIVE Analysis AOI is strictly centered on Operating Location[2m > [22mcreates circular AOI with center matching operating location coordinates[32m 0[2mms[22m[39m
 [32mÔ£ô[39m src/__tests__/map_interaction_model.test.ts[2m > [22mMap Interaction & Spatial Model Invariants[2m > [22mInvariant 1: LIVE Analysis AOI is strictly centered on Operating Location[2m > [22mwhen operating location moves, recomputed AOI center tracks new coordinate exactly[32m 0[2mms[22m[39m
 [32mÔ£ô[39m src/__tests__/map_interaction_model.test.ts[2m > [22mMap Interaction & Spatial Model Invariants[2m > [22mInvariant 2: DEMO Mode is anchored to Genuine Captured Fixture[2m > [22mDEMO AOI center strictly matches FIXTURE_CAPTURE_CENTER in Lower Manhattan[32m 0[2mms[22m[39m
 [32mÔ£ô[39m src/__tests__/map_interaction_model.test.ts[2m > [22mMap Interaction & Spatial Model Invariants[2m > [22mInvariant 2: DEMO Mode is anchored to Genuine Captured Fixture[2m > [22mDEMO AOI geometry has 425 cell fixture bounds and is valid[32m 0[2mms[22m[39m
 [32mÔ£ô[39m src/__tests__/map_interaction_model.test.ts[2m > [22mMap Interaction & Spatial Model Invariants[2m > [22mInvariant 3: Candidate Site Containment Validation[2m > [22maccepts points inside the AOI[32m 0[2mms[22m[39m
 [32mÔ£ô[39m src/__tests__/map_interaction_model.test.ts[2m > [22mMap Interaction & Spatial Model Invariants[2m > [22mInvariant 3: Candidate Site Containment Validation[2m > [22mrejects points outside the AOI[32m 0[2mms[22m[39m
 [32mÔ£ô[39m src/__tests__/map_interaction_model.test.ts[2m > [22mMap Interaction & Spatial Model Invariants[2m > [22mInvariant 3: Candidate Site Containment Validation[2m > [22mrejects candidate placement in empty workspace when AOI is null[32m 0[2mms[22m[39m
 [32mÔ£ô[39m src/__tests__/map_interaction_model.test.ts[2m > [22mMap Interaction & Spatial Model Invariants[2m > [22mInvariant 4: AOI Shape and Span Validity Constraints[2m > [22mvalidates 600m to 4800m spans as valid[32m 0[2mms[22m[39m
 [32mÔ£ô[39m src/__tests__/map_interaction_model.test.ts[2m > [22mMap Interaction & Spatial Model Invariants[2m > [22mInvariant 4: AOI Shape and Span Validity Constraints[2m > [22mrejects null or empty AOI[32m 0[2mms[22m[39m
 [32mÔ£ô[39m tests/spatial.test.ts[2m > [22mSpatial Point-to-Polygon Mapper[2m > [22mcorrectly detects point containment in polygon ring[32m 1[2mms[22m[39m
 [32mÔ£ô[39m tests/spatial.test.ts[2m > [22mSpatial Point-to-Polygon Mapper[2m > [22mmaps point to exact containing tile feature[32m 0[2mms[22m[39m
 [32mÔ£ô[39m tests/spatial.test.ts[2m > [22mSpatial Point-to-Polygon Mapper[2m > [22mthrows OutsideCoverageError if point is outside tile coverage (no silent fallback)[32m 0[2mms[22m[39m
 [32mÔ£ô[39m tests/spatial.test.ts[2m > [22mSpatial Point-to-Polygon Mapper[2m > [22mcorrectly handles polygon with interior holes[32m 0[2mms[22m[39m
 [32mÔ£ô[39m tests/spatial.test.ts[2m > [22mSpatial Point-to-Polygon Mapper[2m > [22mcorrectly maps points inside MultiPolygon features[32m 0[2mms[22m[39m
 [32mÔ£ô[39m tests/sanity.test.ts[2m > [22mProject Bootstrap Sanity & Determinism Verification[2m > [22mexecutes deterministic math assertions correctly[32m 1[2mms[22m[39m
 [32mÔ£ô[39m tests/sanity.test.ts[2m > [22mProject Bootstrap Sanity & Determinism Verification[2m > [22mverifies environment constants structure[32m 0[2mms[22m[39m
[90mstderr[2m | tests/explanation_live.test.ts[2m > [22m[2m┬º5 ÔÇö AI Explanation Verification[2m > 
[22m[2m┬º5.1 ÔÇö explainDecision() returns a valid structured explanation (LLM or deterministic fallback)
[22m[39m[┬º5.1] generatedBy: AI_GROUNDED_EXPLAINER
[┬º5.1] fallbackReason: (none)

 [32mÔ£ô[39m tests/explanation_live.test.ts[2m > [22m┬º5 ÔÇö AI Explanation Verification[2m > [22m┬º5.1 ÔÇö explainDecision() returns a valid structured explanation (LLM or deterministic fallback)[33m 1080[2mms[22m[39m
[90mstderr[2m | tests/adapter.test.ts[2m > [22m[2mFortyGuard Adapter Unit Tests[2m > [22m[2mLIVE Mode 
Concurrency, Caching & Reliability[2m > [22m[2mrespects concurrencyLimit = 2 when fetching 6 hourly snapshots in 
LIVE mode
[22m[39m[FortyGuard] HEATMAP_SUBMITTED: {"timestamp":"2026-08-27T10:56:08.483Z","event":"HEATMAP_SUBMITTED","endpoint
":"/v1/heatmap","activityId":"act-kins2m","filterType":1,"startDate":"2026-08-24","startTime":"10:00","granularity":60}

[90mstderr[2m | tests/adapter.test.ts[2m > [22m[2mFortyGuard Adapter Unit Tests[2m > [22m[2mLIVE Mode 
Concurrency, Caching & Reliability[2m > [22m[2mrespects concurrencyLimit = 2 when fetching 6 hourly snapshots in 
LIVE mode
[22m[39m[FortyGuard] HEATMAP_SUBMITTED: {"timestamp":"2026-08-27T10:56:08.484Z","event":"HEATMAP_SUBMITTED","endpoint
":"/v1/heatmap","activityId":"act-wqzefr","filterType":1,"startDate":"2026-08-24","startTime":"11:00","granularity":60}

[90mstderr[2m | tests/adapter.test.ts[2m > [22m[2mFortyGuard Adapter Unit Tests[2m > [22m[2mLIVE Mode 
Concurrency, Caching & Reliability[2m > [22m[2mrespects concurrencyLimit = 2 when fetching 6 hourly snapshots in 
LIVE mode
[22m[39m[FortyGuard] HEATMAP_COMPLETED: {"timestamp":"2026-08-27T10:56:08.514Z","event":"HEATMAP_COMPLETED","activity
Id":"act-kins2m","attempts":1,"totalDurationMs":46}

[90mstderr[2m | tests/adapter.test.ts[2m > [22m[2mFortyGuard Adapter Unit Tests[2m > [22m[2mLIVE Mode 
Concurrency, Caching & Reliability[2m > [22m[2mrespects concurrencyLimit = 2 when fetching 6 hourly snapshots in 
LIVE mode
[22m[39m[FortyGuard] HEATMAP_COMPLETED: {"timestamp":"2026-08-27T10:56:08.515Z","event":"HEATMAP_COMPLETED","activity
Id":"act-wqzefr","attempts":1,"totalDurationMs":47}

[90mstderr[2m | tests/adapter.test.ts[2m > [22m[2mFortyGuard Adapter Unit Tests[2m > [22m[2mLIVE Mode 
Concurrency, Caching & Reliability[2m > [22m[2mrespects concurrencyLimit = 2 when fetching 6 hourly snapshots in 
LIVE mode
[22m[39m[FortyGuard] HEATMAP_SUBMITTED: {"timestamp":"2026-08-27T10:56:08.530Z","event":"HEATMAP_SUBMITTED","endpoint
":"/v1/heatmap","activityId":"act-6kybmo","filterType":1,"startDate":"2026-08-24","startTime":"12:00","granularity":60}

[90mstderr[2m | tests/adapter.test.ts[2m > [22m[2mFortyGuard Adapter Unit Tests[2m > [22m[2mLIVE Mode 
Concurrency, Caching & Reliability[2m > [22m[2mrespects concurrencyLimit = 2 when fetching 6 hourly snapshots in 
LIVE mode
[22m[39m[FortyGuard] HEATMAP_SUBMITTED: {"timestamp":"2026-08-27T10:56:08.530Z","event":"HEATMAP_SUBMITTED","endpoint
":"/v1/heatmap","activityId":"act-r7sie8","filterType":1,"startDate":"2026-08-24","startTime":"13:00","granularity":60}

[90mstderr[2m | tests/adapter.test.ts[2m > [22m[2mFortyGuard Adapter Unit Tests[2m > [22m[2mLIVE Mode 
Concurrency, Caching & Reliability[2m > [22m[2mrespects concurrencyLimit = 2 when fetching 6 hourly snapshots in 
LIVE mode
[22m[39m[FortyGuard] HEATMAP_COMPLETED: {"timestamp":"2026-08-27T10:56:08.561Z","event":"HEATMAP_COMPLETED","activity
Id":"act-6kybmo","attempts":1,"totalDurationMs":46}

[90mstderr[2m | tests/adapter.test.ts[2m > [22m[2mFortyGuard Adapter Unit Tests[2m > [22m[2mLIVE Mode 
Concurrency, Caching & Reliability[2m > [22m[2mrespects concurrencyLimit = 2 when fetching 6 hourly snapshots in 
LIVE mode
[22m[39m[FortyGuard] HEATMAP_COMPLETED: {"timestamp":"2026-08-27T10:56:08.562Z","event":"HEATMAP_COMPLETED","activity
Id":"act-r7sie8","attempts":1,"totalDurationMs":47}

[90mstderr[2m | tests/adapter.test.ts[2m > [22m[2mFortyGuard Adapter Unit Tests[2m > [22m[2mLIVE Mode 
Concurrency, Caching & Reliability[2m > [22m[2mrespects concurrencyLimit = 2 when fetching 6 hourly snapshots in 
LIVE mode
[22m[39m[FortyGuard] HEATMAP_SUBMITTED: {"timestamp":"2026-08-27T10:56:08.578Z","event":"HEATMAP_SUBMITTED","endpoint
":"/v1/heatmap","activityId":"act-bjxrja","filterType":1,"startDate":"2026-08-24","startTime":"14:00","granularity":60}

[90mstderr[2m | tests/adapter.test.ts[2m > [22m[2mFortyGuard Adapter Unit Tests[2m > [22m[2mLIVE Mode 
Concurrency, Caching & Reliability[2m > [22m[2mrespects concurrencyLimit = 2 when fetching 6 hourly snapshots in 
LIVE mode
[22m[39m[FortyGuard] HEATMAP_SUBMITTED: {"timestamp":"2026-08-27T10:56:08.578Z","event":"HEATMAP_SUBMITTED","endpoint
":"/v1/heatmap","activityId":"act-zdhrds","filterType":1,"startDate":"2026-08-24","startTime":"15:00","granularity":60}

[90mstderr[2m | tests/adapter.test.ts[2m > [22m[2mFortyGuard Adapter Unit Tests[2m > [22m[2mLIVE Mode 
Concurrency, Caching & Reliability[2m > [22m[2mrespects concurrencyLimit = 2 when fetching 6 hourly snapshots in 
LIVE mode
[22m[39m[FortyGuard] HEATMAP_COMPLETED: {"timestamp":"2026-08-27T10:56:08.610Z","event":"HEATMAP_COMPLETED","activity
Id":"act-bjxrja","attempts":1,"totalDurationMs":48}

[90mstderr[2m | tests/adapter.test.ts[2m > [22m[2mFortyGuard Adapter Unit Tests[2m > [22m[2mLIVE Mode 
Concurrency, Caching & Reliability[2m > [22m[2mrespects concurrencyLimit = 2 when fetching 6 hourly snapshots in 
LIVE mode
[22m[39m[FortyGuard] HEATMAP_COMPLETED: {"timestamp":"2026-08-27T10:56:08.610Z","event":"HEATMAP_COMPLETED","activity
Id":"act-zdhrds","attempts":1,"totalDurationMs":48}

[90mstderr[2m | tests/adapter.test.ts[2m > [22m[2mFortyGuard Adapter Unit Tests[2m > [22m[2mLIVE Mode 
Concurrency, Caching & Reliability[2m > [22m[2mcaches successful Completed requests in session cache (zero 
additional network calls)
[22m[39m[FortyGuard] HEATMAP_SUBMITTED: {"timestamp":"2026-08-27T10:56:08.610Z","event":"HEATMAP_SUBMITTED","endpoint
":"/v1/heatmap","activityId":"act-cache-test","filterType":1,"startDate":"2026-08-24","startTime":"12:00","granularity"
:60}

[90mstderr[2m | tests/adapter.test.ts[2m > [22m[2mFortyGuard Adapter Unit Tests[2m > [22m[2mLIVE Mode 
Concurrency, Caching & Reliability[2m > [22m[2mcaches successful Completed requests in session cache (zero 
additional network calls)
[22m[39m[FortyGuard] HEATMAP_COMPLETED: {"timestamp":"2026-08-27T10:56:08.625Z","event":"HEATMAP_COMPLETED","activity
Id":"act-cache-test","attempts":1,"totalDurationMs":15}

[90mstderr[2m | tests/adapter.test.ts[2m > [22m[2mFortyGuard Adapter Unit Tests[2m > [22m[2mLIVE Mode 
Concurrency, Caching & Reliability[2m > [22m[2mdoes NOT cache failed or timed-out responses
[22m[39m[FortyGuard] HEATMAP_SUBMITTED: {"timestamp":"2026-08-27T10:56:08.626Z","event":"HEATMAP_SUBMITTED","endpoint
":"/v1/heatmap","activityId":"act-fail-test","filterType":1,"startDate":"2026-08-24","startTime":"12:00","granularity":
60}

[90mstderr[2m | tests/adapter.test.ts[2m > [22m[2mFortyGuard Adapter Unit Tests[2m > [22m[2mLIVE Mode 
Concurrency, Caching & Reliability[2m > [22m[2mdoes NOT cache failed or timed-out responses
[22m[39m[FortyGuard] HEATMAP_FAILED: {"timestamp":"2026-08-27T10:56:08.640Z","event":"HEATMAP_FAILED","activityId":"a
ct-fail-test","attempts":1,"durationMs":14}

[90mstderr[2m | tests/adapter.test.ts[2m > [22m[2mFortyGuard Adapter Unit Tests[2m > [22m[2mLIVE Mode 
Concurrency, Caching & Reliability[2m > [22m[2mdoes NOT cache failed or timed-out responses
[22m[39m[FortyGuard] HEATMAP_SUBMITTED: {"timestamp":"2026-08-27T10:56:08.640Z","event":"HEATMAP_SUBMITTED","endpoint
":"/v1/heatmap","activityId":"act-fail-test","filterType":1,"startDate":"2026-08-24","startTime":"12:00","granularity":
60}

[90mstderr[2m | tests/adapter.test.ts[2m > [22m[2mFortyGuard Adapter Unit Tests[2m > [22m[2mLIVE Mode 
Concurrency, Caching & Reliability[2m > [22m[2mdoes NOT cache failed or timed-out responses
[22m[39m[FortyGuard] HEATMAP_FAILED: {"timestamp":"2026-08-27T10:56:08.656Z","event":"HEATMAP_FAILED","activityId":"a
ct-fail-test","attempts":1,"durationMs":16}

[90mstderr[2m | tests/adapter.test.ts[2m > [22m[2mFortyGuard Adapter Unit Tests[2m > [22m[2mLIVE Mode 
Concurrency, Caching & Reliability[2m > [22m[2mretries once on transient 504 gateway timeout and succeeds if second 
attempt passes
[22m[39m[FortyGuard] HEATMAP_RETRY: {"timestamp":"2026-08-27T10:56:08.656Z","event":"HEATMAP_RETRY","attempt":1,"maxR
etries":1,"backoffMs":5,"startDate":"2026-08-24","startTime":"14:00","reason":"FortyGuard endpoint /v1/heatmap 
returned HTTP 504: Gateway Timeout"}

[90mstderr[2m | tests/adapter.test.ts[2m > [22m[2mFortyGuard Adapter Unit Tests[2m > [22m[2mLIVE Mode 
Concurrency, Caching & Reliability[2m > [22m[2mretries once on transient 504 gateway timeout and succeeds if second 
attempt passes
[22m[39m[FortyGuard] HEATMAP_SUBMITTED: {"timestamp":"2026-08-27T10:56:08.671Z","event":"HEATMAP_SUBMITTED","endpoint
":"/v1/heatmap","activityId":"act-retry-success","filterType":1,"startDate":"2026-08-24","startTime":"14:00","granulari
ty":60}

[90mstderr[2m | tests/adapter.test.ts[2m > [22m[2mFortyGuard Adapter Unit Tests[2m > [22m[2mLIVE Mode 
Concurrency, Caching & Reliability[2m > [22m[2mretries once on transient 504 gateway timeout and succeeds if second 
attempt passes
[22m[39m[FortyGuard] HEATMAP_COMPLETED: {"timestamp":"2026-08-27T10:56:08.687Z","event":"HEATMAP_COMPLETED","activity
Id":"act-retry-success","attempts":1,"totalDurationMs":16}

[90mstderr[2m | tests/adapter.test.ts[2m > [22m[2mFortyGuard Adapter Unit Tests[2m > [22m[2mLIVE Mode 
Concurrency, Caching & Reliability[2m > [22m[2mthrows FortyGuardTimeoutError when polling exhausts maxAttempts and 
does not fabricate data
[22m[39m[FortyGuard] HEATMAP_SUBMITTED: {"timestamp":"2026-08-27T10:56:08.688Z","event":"HEATMAP_SUBMITTED","endpoint
":"/v1/heatmap","activityId":"act-timeout-poll","filterType":1,"startDate":"2026-08-24","startTime":"10:00","granularit
y":60}

[90mstderr[2m | tests/adapter.test.ts[2m > [22m[2mFortyGuard Adapter Unit Tests[2m > [22m[2mLIVE Mode 
Concurrency, Caching & Reliability[2m > [22m[2mthrows FortyGuardTimeoutError when polling exhausts maxAttempts and 
does not fabricate data
[22m[39m[FortyGuard] HEATMAP_TIMEOUT: {"timestamp":"2026-08-27T10:56:08.703Z","event":"HEATMAP_TIMEOUT","activityId":
"act-timeout-poll","attempts":2,"totalDurationMs":15,"pollingCeilingMs":10}

 [32mÔ£ô[39m tests/adapter.test.ts[2m > [22mFortyGuard Adapter Unit Tests[2m > [22mLIVE Mode Concurrency, Caching & Reliability[2m > [22mrespects concurrencyLimit = 2 when fetching 6 hourly snapshots in LIVE mode[33m 1186[2mms[22m[39m
 [32mÔ£ô[39m tests/adapter.test.ts[2m > [22mFortyGuard Adapter Unit Tests[2m > [22mLIVE Mode Concurrency, Caching & Reliability[2m > [22mcaches successful Completed requests in session cache (zero additional network calls)[32m 16[2mms[22m[39m
 [32mÔ£ô[39m tests/adapter.test.ts[2m > [22mFortyGuard Adapter Unit Tests[2m > [22mLIVE Mode Concurrency, Caching & Reliability[2m > [22mdoes NOT cache failed or timed-out responses[32m 30[2mms[22m[39m
 [32mÔ£ô[39m tests/adapter.test.ts[2m > [22mFortyGuard Adapter Unit Tests[2m > [22mLIVE Mode Concurrency, Caching & Reliability[2m > [22mretries once on transient 504 gateway timeout and succeeds if second attempt passes[32m 31[2mms[22m[39m
 [32mÔ£ô[39m tests/adapter.test.ts[2m > [22mFortyGuard Adapter Unit Tests[2m > [22mLIVE Mode Concurrency, Caching & Reliability[2m > [22mdoes NOT retry non-transient AuthenticationError (401)[32m 0[2mms[22m[39m
 [32mÔ£ô[39m tests/adapter.test.ts[2m > [22mFortyGuard Adapter Unit Tests[2m > [22mLIVE Mode Concurrency, Caching & Reliability[2m > [22mthrows FortyGuardTimeoutError when polling exhausts maxAttempts and does not fabricate data[32m 16[2mms[22m[39m
[90mstderr[2m | tests/fortyguard-contract.test.ts[2m > [22m[2mFortyGuard contract ÔÇö DEMO is a verbatim replay 
of the REAL capture[2m > [22m[2m5. temporal provenance reports filter_type:1 for the ACTUAL hourly requests (LIVE) 
and NO request (DEMO)
[22m[39m[FortyGuard] HEATMAP_COMPLETED: {"timestamp":"2026-08-27T10:56:09.482Z","event":"HEATMAP_COMPLETED","activity
Id":"act-1","attempts":1,"totalDurationMs":2006}

[90mstderr[2m | tests/fortyguard-contract.test.ts[2m > [22m[2mFortyGuard contract ÔÇö DEMO is a verbatim replay 
of the REAL capture[2m > [22m[2m5. temporal provenance reports filter_type:1 for the ACTUAL hourly requests (LIVE) 
and NO request (DEMO)
[22m[39m[FortyGuard] HEATMAP_SUBMITTED: {"timestamp":"2026-08-27T10:56:09.483Z","event":"HEATMAP_SUBMITTED","endpoint
":"/v1/heatmap","activityId":"act-3","filterType":1,"startDate":"2026-08-20","startTime":"19:00","granularity":60}

[90mstderr[2m | tests/fortyguard-contract.test.ts[2m > [22m[2mFortyGuard contract ÔÇö DEMO is a verbatim replay 
of the REAL capture[2m > [22m[2m5. temporal provenance reports filter_type:1 for the ACTUAL hourly requests (LIVE) 
and NO request (DEMO)
[22m[39m[FortyGuard] HEATMAP_COMPLETED: {"timestamp":"2026-08-27T10:56:09.483Z","event":"HEATMAP_COMPLETED","activity
Id":"act-2","attempts":1,"totalDurationMs":2006}

[90mstderr[2m | tests/explanation_live.test.ts[2m > [22m[2m┬º5 ÔÇö AI Explanation Verification[2m > 
[22m[2m┬º5.2 ÔÇö LLM invocation attempted when a key is configured
[22m[39m[┬º5.2] generatedBy: AI_GROUNDED_EXPLAINER
[┬º5.2] fallbackReason: (none ÔÇö LLM succeeded)

 [32mÔ£ô[39m tests/explanation_live.test.ts[2m > [22m┬º5 ÔÇö AI Explanation Verification[2m > [22m┬º5.2 ÔÇö LLM invocation attempted when a key is configured[33m 1372[2mms[22m[39m
[90mstderr[2m | tests/explanation_live.test.ts[2m > [22m[2m┬º5 ÔÇö AI Explanation Verification[2m > 
[22m[2m┬º5.3 ÔÇö LLM timeout (timeoutMs: 1) forces deterministic fallback
[22m[39m[┬º5.3] timeout fallback reason: ALL_PROVIDERS_EXHAUSTED: GEMINI: GEMINI_TIMEOUT; ZAI: ZAI_ERROR: 
Configuration file not found or invalid. Please create .z-ai-config in your project, home directory, or /etc.

[90mstderr[2m | tests/explanation_live.test.ts[2m > [22m[2m┬º5 ÔÇö AI Explanation Verification[2m > 
[22m[2m┬º5.4 ÔÇö Grounding rejection: mock with forbidden medical term forces deterministic fallback
[22m[39m[┬º5.4] grounding rejection reason: FORBIDDEN_CLAIM: Medical/safety terminology detected matching 
/\bheat\s*stroke\b/i

[90mstderr[2m | tests/explanation_live.test.ts[2m > [22m[2m┬º5 ÔÇö AI Explanation Verification[2m > 
[22m[2m┬º5.5 ÔÇö Grounding validator rejects explanations with fabricated temperatures (99.99 not in evidence)
[22m[39m[┬º5.5] fabrication rejection reason: UNGROUNDED_NUMERIC_VALUE: Number 99.99 does not exist in the verified 
EvidenceBundle

 [32mÔ£ô[39m tests/explanation_live.test.ts[2m > [22m┬º5 ÔÇö AI Explanation Verification[2m > [22m┬º5.3 ÔÇö LLM timeout (timeoutMs: 1) forces deterministic fallback[32m 7[2mms[22m[39m
 [32mÔ£ô[39m tests/explanation_live.test.ts[2m > [22m┬º5 ÔÇö AI Explanation Verification[2m > [22m┬º5.4 ÔÇö Grounding rejection: mock with forbidden medical term forces deterministic fallback[32m 0[2mms[22m[39m
 [32mÔ£ô[39m tests/explanation_live.test.ts[2m > [22m┬º5 ÔÇö AI Explanation Verification[2m > [22m┬º5.5 ÔÇö Grounding validator rejects explanations with fabricated temperatures (99.99 not in evidence)[32m 0[2mms[22m[39m
 [32mÔ£ô[39m tests/explanation_live.test.ts[2m > [22m┬º5 ÔÇö AI Explanation Verification[2m > [22m┬º5.6 ÔÇö Explanation failure leaves the decision itself immutable[32m 2[2mms[22m[39m
 [32mÔ£ô[39m tests/explanation_live.test.ts[2m > [22m┬º5 ÔÇö AI Explanation Verification[2m > [22m┬º5.7 ÔÇö Deterministic explanation contains grounded values from input[32m 2[2mms[22m[39m
[90mstderr[2m | tests/fortyguard-contract.test.ts[2m > [22m[2mFortyGuard contract ÔÇö DEMO is a verbatim replay 
of the REAL capture[2m > [22m[2m5. temporal provenance reports filter_type:1 for the ACTUAL hourly requests (LIVE) 
and NO request (DEMO)
[22m[39m[FortyGuard] HEATMAP_COMPLETED: {"timestamp":"2026-08-27T10:56:11.489Z","event":"HEATMAP_COMPLETED","activity
Id":"act-3","attempts":1,"totalDurationMs":2007}

 [32mÔ£ô[39m tests/fortyguard-contract.test.ts[2m > [22mFortyGuard contract ÔÇö DEMO is a verbatim replay of the REAL capture[2m > [22m5. temporal provenance reports filter_type:1 for the ACTUAL hourly requests (LIVE) and NO request (DEMO)[33m 4041[2mms[22m[39m
[90mstderr[2m | tests/fortyguard-contract.test.ts[2m > [22m[2mFortyGuard contract ÔÇö DEMO is a verbatim replay 
of the REAL capture[2m > [22m[2m8. LIVE range produces N ACTUAL hourly requests (4-hour range ÔåÆ 4 /v1/heatmap 
submissions)
[22m[39m[FortyGuard] HEATMAP_SUBMITTED: {"timestamp":"2026-08-27T10:56:11.494Z","event":"HEATMAP_SUBMITTED","endpoint
":"/v1/heatmap","activityId":"act-1","filterType":1,"startDate":"2026-08-20","startTime":"17:00","granularity":100}
[FortyGuard] HEATMAP_SUBMITTED: {"timestamp":"2026-08-27T10:56:11.494Z","event":"HEATMAP_SUBMITTED","endpoint":"/v1/hea
tmap","activityId":"act-2","filterType":1,"startDate":"2026-08-20","startTime":"18:00","granularity":100}

[90mstderr[2m | tests/fortyguard-contract.test.ts[2m > [22m[2mFortyGuard contract ÔÇö DEMO is a verbatim replay 
of the REAL capture[2m > [22m[2m8. LIVE range produces N ACTUAL hourly requests (4-hour range ÔåÆ 4 /v1/heatmap 
submissions)
[22m[39m[FortyGuard] HEATMAP_COMPLETED: {"timestamp":"2026-08-27T10:56:11.505Z","event":"HEATMAP_COMPLETED","activity
Id":"act-1","attempts":1,"totalDurationMs":11}

[90mstderr[2m | tests/fortyguard-contract.test.ts[2m > [22m[2mFortyGuard contract ÔÇö DEMO is a verbatim replay 
of the REAL capture[2m > [22m[2m8. LIVE range produces N ACTUAL hourly requests (4-hour range ÔåÆ 4 /v1/heatmap 
submissions)
[22m[39m[FortyGuard] HEATMAP_SUBMITTED: {"timestamp":"2026-08-27T10:56:11.505Z","event":"HEATMAP_SUBMITTED","endpoint
":"/v1/heatmap","activityId":"act-3","filterType":1,"startDate":"2026-08-20","startTime":"19:00","granularity":100}

[90mstderr[2m | tests/fortyguard-contract.test.ts[2m > [22m[2mFortyGuard contract ÔÇö DEMO is a verbatim replay 
of the REAL capture[2m > [22m[2m8. LIVE range produces N ACTUAL hourly requests (4-hour range ÔåÆ 4 /v1/heatmap 
submissions)
[22m[39m[FortyGuard] HEATMAP_COMPLETED: {"timestamp":"2026-08-27T10:56:11.505Z","event":"HEATMAP_COMPLETED","activity
Id":"act-2","attempts":1,"totalDurationMs":11}

[90mstderr[2m | tests/fortyguard-contract.test.ts[2m > [22m[2mFortyGuard contract ÔÇö DEMO is a verbatim replay 
of the REAL capture[2m > [22m[2m8. LIVE range produces N ACTUAL hourly requests (4-hour range ÔåÆ 4 /v1/heatmap 
submissions)
[22m[39m[FortyGuard] HEATMAP_SUBMITTED: {"timestamp":"2026-08-27T10:56:11.505Z","event":"HEATMAP_SUBMITTED","endpoint
":"/v1/heatmap","activityId":"act-4","filterType":1,"startDate":"2026-08-20","startTime":"20:00","granularity":100}

[90mstderr[2m | tests/fortyguard-contract.test.ts[2m > [22m[2mFortyGuard contract ÔÇö DEMO is a verbatim replay 
of the REAL capture[2m > [22m[2m8. LIVE range produces N ACTUAL hourly requests (4-hour range ÔåÆ 4 /v1/heatmap 
submissions)
[22m[39m[FortyGuard] HEATMAP_COMPLETED: {"timestamp":"2026-08-27T10:56:11.505Z","event":"HEATMAP_COMPLETED","activity
Id":"act-3","attempts":1,"totalDurationMs":0}

[90mstderr[2m | tests/fortyguard-contract.test.ts[2m > [22m[2mFortyGuard contract ÔÇö DEMO is a verbatim replay 
of the REAL capture[2m > [22m[2m8. LIVE range produces N ACTUAL hourly requests (4-hour range ÔåÆ 4 /v1/heatmap 
submissions)
[22m[39m[FortyGuard] HEATMAP_COMPLETED: {"timestamp":"2026-08-27T10:56:11.521Z","event":"HEATMAP_COMPLETED","activity
Id":"act-4","attempts":1,"totalDurationMs":16}

[90mstderr[2m | tests/fortyguard-contract.test.ts[2m > [22m[2mFortyGuard contract ÔÇö DEMO is a verbatim replay 
of the REAL capture[2m > [22m[2m9. AOI contract: canonical == rendered == submitted polygon_aoi, including AFTER 
DRAG
[22m[39m[FortyGuard] HEATMAP_SUBMITTED: {"timestamp":"2026-08-27T10:56:11.522Z","event":"HEATMAP_SUBMITTED","endpoint
":"/v1/heatmap","activityId":"act-1","filterType":1,"startDate":"2026-08-20","startTime":"18:00","granularity":100}

[90mstderr[2m | tests/fortyguard-contract.test.ts[2m > [22m[2mFortyGuard contract ÔÇö DEMO is a verbatim replay 
of the REAL capture[2m > [22m[2m9. AOI contract: canonical == rendered == submitted polygon_aoi, including AFTER 
DRAG
[22m[39m[FortyGuard] HEATMAP_COMPLETED: {"timestamp":"2026-08-27T10:56:11.537Z","event":"HEATMAP_COMPLETED","activity
Id":"act-1","attempts":1,"totalDurationMs":15}

[90mstderr[2m | tests/fortyguard-contract.test.ts[2m > [22m[2mFortyGuard contract ÔÇö DEMO is a verbatim replay 
of the REAL capture[2m > [22m[2m9b. AOI contract at the ROUTE level: the client-sent analysisAoi is submitted 
verbatim as polygon_aoi
[22m[39m[FortyGuard] HEATMAP_SUBMITTED: {"timestamp":"2026-08-27T10:56:11.538Z","event":"HEATMAP_SUBMITTED","endpoint
":"/v1/heatmap","activityId":"act-1","filterType":1,"startDate":"2026-08-20","startTime":"14:00","granularity":60}

 [32mÔ£ô[39m tests/fortyguard-contract.test.ts[2m > [22mFortyGuard contract ÔÇö DEMO is a verbatim replay of the REAL capture[2m > [22m6. UI does not claim filter_type 2/3 were sent ÔÇö no UI-modeÔåÆfilter_type mapping exists[32m 1[2mms[22m[39m
 [32mÔ£ô[39m tests/fortyguard-contract.test.ts[2m > [22mFortyGuard contract ÔÇö DEMO is a verbatim replay of the REAL capture[2m > [22m7. Single Day is NOT available ÔÇö not in options, rejected by the API schema[32m 1[2mms[22m[39m
 [32mÔ£ô[39m tests/fortyguard-contract.test.ts[2m > [22mFortyGuard contract ÔÇö DEMO is a verbatim replay of the REAL capture[2m > [22m8. LIVE range produces N ACTUAL hourly requests (4-hour range ÔåÆ 4 /v1/heatmap submissions)[32m 28[2mms[22m[39m
 [32mÔ£ô[39m tests/fortyguard-contract.test.ts[2m > [22mFortyGuard contract ÔÇö DEMO is a verbatim replay of the REAL capture[2m > [22m9. AOI contract: canonical == rendered == submitted polygon_aoi, including AFTER DRAG[32m 16[2mms[22m[39m
[90mstderr[2m | tests/fortyguard-contract.test.ts[2m > [22m[2mFortyGuard contract ÔÇö DEMO is a verbatim replay 
of the REAL capture[2m > [22m[2m9b. AOI contract at the ROUTE level: the client-sent analysisAoi is submitted 
verbatim as polygon_aoi
[22m[39m[FortyGuard] HEATMAP_COMPLETED: {"timestamp":"2026-08-27T10:56:13.553Z","event":"HEATMAP_COMPLETED","activity
Id":"act-1","attempts":1,"totalDurationMs":2015}

 [32mÔ£ô[39m tests/fortyguard-contract.test.ts[2m > [22mFortyGuard contract ÔÇö DEMO is a verbatim replay of the REAL capture[2m > [22m9b. AOI contract at the ROUTE level: the client-sent analysisAoi is submitted verbatim as polygon_aoi[33m 2017[2mms[22m[39m
 [32mÔ£ô[39m tests/fortyguard-contract.test.ts[2m > [22mFortyGuard contract ÔÇö DEMO is a verbatim replay of the REAL capture[2m > [22m10. candidate outside the DEMO captured field is NOT silently moved or fabricated[32m 2[2mms[22m[39m
 [32mÔ£ô[39m tests/fortyguard-contract.test.ts[2m > [22mFortyGuard contract ÔÇö DEMO is a verbatim replay of the REAL capture[2m > [22m11. LIVE 402 (insufficient credits) NEVER switches to DEMO ÔÇö the error surfaces verbatim[32m 1[2mms[22m[39m
 [32mÔ£ô[39m tests/fortyguard-contract.test.ts[2m > [22mFortyGuard contract ÔÇö DEMO is a verbatim replay of the REAL capture[2m > [22m12. DEMO never calls FortyGuard ÔÇö the FIXTURE route path makes zero network requests[32m 4[2mms[22m[39m
 [32mÔ£ô[39m tests/fortyguard-contract.test.ts[2m > [22mFortyGuard contract ÔÇö client/server fixture mirror consistency[2m > [22mthe client mirror matches the server-side fixture metadata exactly[32m 0[2mms[22m[39m
 [32mÔ£ô[39m tests/fortyguard-contract.test.ts[2m > [22mFortyGuard contract ÔÇö client/server fixture mirror consistency[2m > [22mthe DEMO coverage gate matches the server extent gate[32m 0[2mms[22m[39m
 [32mÔ£ô[39m tests/fortyguard-contract.test.ts[2m > [22mFortyGuard contract ÔÇö DEMO AOI outside the captured field[2m > [22mroute returns AOI_OUTSIDE_DEMO_CAPTURE (422) when the AOI does not intersect the captured extent[32m 1[2mms[22m[39m
 [32mÔ£ô[39m tests/fortyguard-contract.test.ts[2m > [22mFortyGuard contract ÔÇö DEMO AOI outside the captured field[2m > [22mthe client UI contains the DEMO capture-extent gate + honest notices (source contract)[32m 1[2mms[22m[39m

[2m Test Files [22m [1m[32m27 passed[39m[22m[90m (27)[39m
[2m      Tests [22m [1m[32m290 passed[39m[22m[90m (290)[39m
[2m   Start at [22m 16:26:06
[2m   Duration [22m 7.00s[2m (transform 1.27s, setup 551ms, collect 5.07s, tests 10.73s, environment 4ms, prepare 5.30s)[22m

